../board/clock_config.c:46:6:BOARD_InitBootClocks	8	static
../board/clock_config.c:85:6:BOARD_BootClockFRO12M_InitClockModule	16	static
../board/clock_config.c:201:6:BOARD_BootClockFRO12M	24	static
../board/clock_config.c:308:6:BOARD_BootClockFROHF45M_InitClockModule	16	static
../board/clock_config.c:424:6:BOARD_BootClockFROHF45M	24	static
../board/clock_config.c:532:6:BOARD_BootClockFROHF60M_InitClockModule	16	static
../board/clock_config.c:648:6:BOARD_BootClockFROHF60M	24	static
../board/clock_config.c:756:6:BOARD_BootClockFROHF90M_InitClockModule	16	static
../board/clock_config.c:872:6:BOARD_BootClockFROHF90M	24	static
../board/clock_config.c:981:6:BOARD_BootClockFROHF180M_InitClockModule	16	static
../board/clock_config.c:1097:6:BOARD_BootClockFROHF180M	24	static
../board/clock_config.c:1216:6:BOARD_BootClockPLL180M_InitClockModule	48	static
../board/clock_config.c:1344:6:BOARD_BootClockPLL180M	24	static
../board/clock_config.c:1465:6:BOARD_BootClockPLL240M_InitClockModule	48	static
../board/clock_config.c:1593:6:BOARD_BootClockPLL240M	24	static
