C:\Users\Desktop\Desktop\MCUXpressoIDE\workspace\MCXA266\drivers/fsl_clock.h:786:20:CLOCK_EnableClock	32	static
C:\Users\Desktop\Desktop\MCUXpressoIDE\workspace\MCXA266\drivers/fsl_reset.h:302:20:RESET_ReleasePeripheralReset	16	static
C:\Users\Desktop\Desktop\MCUXpressoIDE\workspace\MCXA266\drivers/fsl_port.h:360:20:PORT_SetPinConfig	32	static
C:\Users\Desktop\Desktop\MCUXpressoIDE\workspace\MCXA266\drivers/fsl_port.h:463:20:PORT_SetPinMux	24	static
../board/pin_mux.c:36:6:BOARD_InitBootPins	8	static
../board/pin_mux.c:62:6:BOARD_InitDEBUG_UARTPins	16	static
../board/pin_mux.c:163:6:BOARD_InitLEDsPins	32	static
../board/pin_mux.c:291:6:BOARD_InitBUTTONsPins	24	static
../board/pin_mux.c:403:6:BOARD_InitI2CPins	32	static
../board/pin_mux.c:585:6:BOARD_InitI3CPins	24	static
../board/pin_mux.c:710:6:BOARD_InitSPIPins	40	static
../board/pin_mux.c:952:6:BOARD_InitCANPins	24	static
../board/pin_mux.c:1116:6:BOARD_InitSLCDPins	72	static
