C:\Users\Desktop\Desktop\MCUXpressoIDE\workspace\MCXA266\drivers/fsl_clock.h:786:20:CLOCK_EnableClock	32	static
C:\Users\Desktop\Desktop\MCUXpressoIDE\workspace\MCXA266\drivers/fsl_reset.h:302:20:RESET_ReleasePeripheralReset	16	static
C:\Users\Desktop\Desktop\MCUXpressoIDE\workspace\MCXA266\drivers/fsl_port.h:360:20:PORT_SetPinConfig	32	static
C:\Users\Desktop\Desktop\MCUXpressoIDE\workspace\MCXA266\drivers/fsl_port.h:463:20:PORT_SetPinMux	24	static
../board/pin_mux.c:46:6:BOARD_InitBootPins	8	static
../board/pin_mux.c:86:6:BOARD_InitDEBUG_UARTPins	56	static
../board/pin_mux.c:377:6:BOARD_InitLEDsPins	32	static
../board/pin_mux.c:505:6:BOARD_InitBUTTONsPins	24	static
../board/pin_mux.c:629:6:BOARD_InitI2CPins	64	static
../board/pin_mux.c:961:6:BOARD_InitI3CPins	24	static
../board/pin_mux.c:1084:6:BOARD_InitSPIPins	40	static
../board/pin_mux.c:1326:6:BOARD_InitCANPins	24	static
../board/pin_mux.c:1490:6:BOARD_InitSLCDPins	72	static
