Archive member included to satisfy reference by file (symbol)

C:/nxp/MCUXpressoIDE_25.6.136/ide/plugins/com.nxp.mcuxpresso.tools.win32_25.6.0.202501151204/tools/bin/../lib/gcc/arm-none-eabi/14.2.1/../../../../arm-none-eabi/lib/thumb/v8-m.main+fp/hard\libcr_nohost_nf.a(_cr__main.o)
                              ./startup/startup_mcxa156.o (__main)
C:/nxp/MCUXpressoIDE_25.6.136/ide/plugins/com.nxp.mcuxpresso.tools.win32_25.6.0.202501151204/tools/bin/../lib/gcc/arm-none-eabi/14.2.1/../../../../arm-none-eabi/lib/thumb/v8-m.main+fp/hard\libcr_c.a(memcpy.o)
                              ./utilities/str/fsl_str.o (memcpy)
C:/nxp/MCUXpressoIDE_25.6.136/ide/plugins/com.nxp.mcuxpresso.tools.win32_25.6.0.202501151204/tools/bin/../lib/gcc/arm-none-eabi/14.2.1/../../../../arm-none-eabi/lib/thumb/v8-m.main+fp/hard\libcr_c.a(memset.o)
                              ./utilities/debug_console/fsl_debug_console.o (memset)
C:/nxp/MCUXpressoIDE_25.6.136/ide/plugins/com.nxp.mcuxpresso.tools.win32_25.6.0.202501151204/tools/bin/../lib/gcc/arm-none-eabi/14.2.1/../../../../arm-none-eabi/lib/thumb/v8-m.main+fp/hard\libcr_c.a(alloc.o)
                              ./drivers/fsl_common.o (malloc)
C:/nxp/MCUXpressoIDE_25.6.136/ide/plugins/com.nxp.mcuxpresso.tools.win32_25.6.0.202501151204/tools/bin/../lib/gcc/arm-none-eabi/14.2.1/../../../../arm-none-eabi/lib/thumb/v8-m.main+fp/hard\libcr_c.a(errno.o)
                              ./utilities/str/fsl_str.o (errno)
C:/nxp/MCUXpressoIDE_25.6.136/ide/plugins/com.nxp.mcuxpresso.tools.win32_25.6.0.202501151204/tools/bin/../lib/gcc/arm-none-eabi/14.2.1/../../../../arm-none-eabi/lib/thumb/v8-m.main+fp/hard\libcr_c.a(initio.o)
                              C:/nxp/MCUXpressoIDE_25.6.136/ide/plugins/com.nxp.mcuxpresso.tools.win32_25.6.0.202501151204/tools/bin/../lib/gcc/arm-none-eabi/14.2.1/../../../../arm-none-eabi/lib/thumb/v8-m.main+fp/hard\libcr_nohost_nf.a(_cr__main.o) (_initio)
C:/nxp/MCUXpressoIDE_25.6.136/ide/plugins/com.nxp.mcuxpresso.tools.win32_25.6.0.202501151204/tools/bin/../lib/gcc/arm-none-eabi/14.2.1/../../../../arm-none-eabi/lib/thumb/v8-m.main+fp/hard\libcr_c.a(scanf.o)
                              ./utilities/str/fsl_str.o (strtoul)
C:/nxp/MCUXpressoIDE_25.6.136/ide/plugins/com.nxp.mcuxpresso.tools.win32_25.6.0.202501151204/tools/bin/../lib/gcc/arm-none-eabi/14.2.1/../../../../arm-none-eabi/lib/thumb/v8-m.main+fp/hard\libcr_c.a(setvbuf.o)
                              C:/nxp/MCUXpressoIDE_25.6.136/ide/plugins/com.nxp.mcuxpresso.tools.win32_25.6.0.202501151204/tools/bin/../lib/gcc/arm-none-eabi/14.2.1/../../../../arm-none-eabi/lib/thumb/v8-m.main+fp/hard\libcr_c.a(initio.o) (setvbuf)
C:/nxp/MCUXpressoIDE_25.6.136/ide/plugins/com.nxp.mcuxpresso.tools.win32_25.6.0.202501151204/tools/bin/../lib/gcc/arm-none-eabi/14.2.1/../../../../arm-none-eabi/lib/thumb/v8-m.main+fp/hard\libcr_c.a(strlen.o)
                              ./utilities/str/fsl_str.o (strlen)
C:/nxp/MCUXpressoIDE_25.6.136/ide/plugins/com.nxp.mcuxpresso.tools.win32_25.6.0.202501151204/tools/bin/../lib/gcc/arm-none-eabi/14.2.1/../../../../arm-none-eabi/lib/thumb/v8-m.main+fp/hard\libcr_c.a(ungetc.o)
                              C:/nxp/MCUXpressoIDE_25.6.136/ide/plugins/com.nxp.mcuxpresso.tools.win32_25.6.0.202501151204/tools/bin/../lib/gcc/arm-none-eabi/14.2.1/../../../../arm-none-eabi/lib/thumb/v8-m.main+fp/hard\libcr_c.a(scanf.o) (ungetc)
C:/nxp/MCUXpressoIDE_25.6.136/ide/plugins/com.nxp.mcuxpresso.tools.win32_25.6.0.202501151204/tools/bin/../lib/gcc/arm-none-eabi/14.2.1/../../../../arm-none-eabi/lib/thumb/v8-m.main+fp/hard\libcr_c.a(__fillbuf.o)
                              C:/nxp/MCUXpressoIDE_25.6.136/ide/plugins/com.nxp.mcuxpresso.tools.win32_25.6.0.202501151204/tools/bin/../lib/gcc/arm-none-eabi/14.2.1/../../../../arm-none-eabi/lib/thumb/v8-m.main+fp/hard\libcr_c.a(scanf.o) (__filbuf)
C:/nxp/MCUXpressoIDE_25.6.136/ide/plugins/com.nxp.mcuxpresso.tools.win32_25.6.0.202501151204/tools/bin/../lib/gcc/arm-none-eabi/14.2.1/../../../../arm-none-eabi/lib/thumb/v8-m.main+fp/hard\libcr_c.a(__init_alloc.o)
                              C:/nxp/MCUXpressoIDE_25.6.136/ide/plugins/com.nxp.mcuxpresso.tools.win32_25.6.0.202501151204/tools/bin/../lib/gcc/arm-none-eabi/14.2.1/../../../../arm-none-eabi/lib/thumb/v8-m.main+fp/hard\libcr_c.a(alloc.o) (__heaps)
C:/nxp/MCUXpressoIDE_25.6.136/ide/plugins/com.nxp.mcuxpresso.tools.win32_25.6.0.202501151204/tools/bin/../lib/gcc/arm-none-eabi/14.2.1/../../../../arm-none-eabi/lib/thumb/v8-m.main+fp/hard\libcr_c.a(_cr_sbrk.o)
                              C:/nxp/MCUXpressoIDE_25.6.136/ide/plugins/com.nxp.mcuxpresso.tools.win32_25.6.0.202501151204/tools/bin/../lib/gcc/arm-none-eabi/14.2.1/../../../../arm-none-eabi/lib/thumb/v8-m.main+fp/hard\libcr_c.a(alloc.o) (_sbrk)
C:/nxp/MCUXpressoIDE_25.6.136/ide/plugins/com.nxp.mcuxpresso.tools.win32_25.6.0.202501151204/tools/bin/../lib/gcc/arm-none-eabi/14.2.1/../../../../arm-none-eabi/lib/thumb/v8-m.main+fp/hard\libcr_c.a(_deferredlazyseek.o)
[...]
Memory Configuration

Name             Origin             Length             Attributes
PROGRAM_FLASH    0x00000000         0x00100000         xr
SRAM             0x20000000         0x0001e000         xrw
SRAMX            0x04000000         0x00003000         xrw
*default*        0x00000000         0xffffffff

Linker script and memory map

LOAD ./utilities/str/fsl_str.o
LOAD ./utilities/debug_console/fsl_debug_console.o
LOAD ./utilities/fsl_assert.o
LOAD ./startup/startup_mcxa156.o
LOAD ./source/MCXA156_Potentiometer.o
LOAD ./source/semihost_hardfault.o
LOAD ./drivers/fsl_clock.o
LOAD ./drivers/fsl_common.o
LOAD ./drivers/fsl_common_arm.o
LOAD ./drivers/fsl_gpio.o
LOAD ./drivers/fsl_lpadc.o
LOAD ./drivers/fsl_lpuart.o
LOAD ./drivers/fsl_reset.o
LOAD ./drivers/fsl_spc.o
LOAD ./device/system_MCXA156.o
LOAD ./component/uart/fsl_adapter_lpuart.o
LOAD ./component/serial_manager/fsl_component_serial_manager.o
LOAD ./component/serial_manager/fsl_component_serial_port_uart.o
LOAD ./component/lists/fsl_component_generic_list.o
LOAD ./board/board.o
LOAD ./board/clock_config.o
LOAD ./board/peripherals.o
LOAD ./board/pin_mux.o
START GROUP
LOAD C:/nxp/MCUXpressoIDE_25.6.136/ide/plugins/com.nxp.mcuxpresso.tools.win32_25.6.0.202501151204/tools/bin/../lib/gcc/arm-none-eabi/14.2.1/../../../../arm-none-eabi/lib/thumb/v8-m.main+fp/hard\libcr_nohost_nf.a
LOAD C:/nxp/MCUXpressoIDE_25.6.136/ide/plugins/com.nxp.mcuxpresso.tools.win32_25.6.0.202501151204/tools/bin/../lib/gcc/arm-none-eabi/14.2.1/../../../../arm-none-eabi/lib/thumb/v8-m.main+fp/hard\libcr_c.a
LOAD C:/nxp/MCUXpressoIDE_25.6.136/ide/plugins/com.nxp.mcuxpresso.tools.win32_25.6.0.202501151204/tools/bin/../lib/gcc/arm-none-eabi/14.2.1/thumb/v8-m.main+fp/hard\libcr_eabihelpers.a
LOAD C:/nxp/MCUXpressoIDE_25.6.136/ide/plugins/com.nxp.mcuxpresso.tools.win32_25.6.0.202501151204/tools/bin/../lib/gcc/arm-none-eabi/14.2.1/thumb/v8-m.main+fp/hard\libgcc.a
END GROUP
                0x00000000                        __base_PROGRAM_FLASH = 0x0
                0x00000000                        __base_Flash = 0x0
                0x00100000                        __top_PROGRAM_FLASH = 0x100000
                0x00100000                        __top_Flash = 0x100000
                0x20000000                        __base_SRAM = 0x20000000
                0x20000000                        __base_RAM = 0x20000000
                0x2001e000                        __top_SRAM = 0x2001e000
                0x2001e000                        __top_RAM = 0x2001e000
                0x04000000                        __base_SRAMX = 0x4000000
                0x04000000                        __base_RAM2 = 0x4000000
                0x04003000                        __top_SRAMX = 0x4003000
                0x04003000                        __top_RAM2 = 0x4003000

.text           0x00000000     0x2e1c
 FILL mask 0xff
                0x00000000                        __vectors_start__ = ABSOLUTE (.)
 *(SORT_BY_ALIGNMENT(.isr_vector))
 .isr_vector    0x00000000      0x1a4 ./startup/startup_mcxa156.o
                0x00000000                g_pfnVectors
                0x00000000                __Vectors
                0x000001a4                        . = ALIGN (0x4)
                0x000001a4                        __section_table_start = .
                0x000001a4                        __data_section_table = .
                0x000001a4        0x4 LONG 0x2e1c LOADADDR (.data)
                0x000001a8        0x4 LONG 0x20000000 ADDR (.data)
                0x000001ac        0x4 LONG 0x8 SIZEOF (.data)
                0x000001b0        0x4 LONG 0x2e1c LOADADDR (.data_RAM2)
                0x000001b4        0x4 LONG 0x4000000 ADDR (.data_RAM2)
                0x000001b8        0x4 LONG 0x0 SIZEOF (.data_RAM2)
                0x000001bc                        __data_section_table_end = .
                0x000001bc                        __bss_section_table = .
                0x000001bc        0x4 LONG 0x20000008 ADDR (.bss)
                0x000001c0        0x4 LONG 0x108 SIZEOF (.bss)
                0x000001c4        0x4 LONG 0x4000000 ADDR (.bss_RAM2)
                0x000001c8        0x4 LONG 0x0 SIZEOF (.bss_RAM2)
                0x000001cc                        __bss_section_table_end = .
                0x000001cc                        __section_table_end = .
 *(SORT_BY_ALIGNMENT(.after_vectors*))
 .after_vectors.reset
                0x000001cc       0x68 ./startup/startup_mcxa156.o
                0x000001cc                ResetISR
 .after_vectors.init_data
                0x00000234       0x1e ./startup/startup_mcxa156.o
                0x00000234                data_init
 .after_vectors.init_bss
                0x00000252       0x12 ./startup/startup_mcxa156.o
                0x00000252                bss_init
 .after_vectors
                0x00000264       0x16 ./startup/startup_mcxa156.o
                0x00000264                NMI_Handler
                0x00000268                MemManage_Handler
                0x0000026a                BusFault_Handler
                0x0000026c                UsageFault_Handler
                0x0000026e                SecureFault_Handler
                0x00000270                SVC_Handler
                0x00000272                DebugMon_Handler
                0x00000274                PendSV_Handler
                0x00000276                SysTick_Handler
                0x00000278                LPTMR0_DriverIRQHandler
                0x00000278                FLEXPWM1_SUBMODULE1_DriverIRQHandler
                0x00000278                FLEXPWM0_SUBMODULE1_DriverIRQHandler
                0x00000278                MBC0_DriverIRQHandler
                0x00000278                WAKETIMER0_DriverIRQHandler
                0x00000278                I3C0_DriverIRQHandler
                0x00000278                LPI2C0_DriverIRQHandler
                0x00000278                Reserved100_DriverIRQHandler
                0x00000278                FLEXPWM0_RELOAD_ERROR_DriverIRQHandler
                0x00000278                QDC0_HOME_DriverIRQHandler
                0x00000278                Reserved82_DriverIRQHandler
                0x00000278                DMA_CH5_DriverIRQHandler
                0x00000278                DMA_CH6_DriverIRQHandler
                0x00000278                LPI2C3_DriverIRQHandler
                0x00000278                QDC0_WATCHDOG_DriverIRQHandler
                0x00000278                ERM0_MULTI_BIT_DriverIRQHandler
                0x00000278                Reserved36_DriverIRQHandler
                0x00000278                CTIMER2_DriverIRQHandler
                0x00000278                QDC1_HOME_DriverIRQHandler
                0x00000278                CMP1_DriverIRQHandler
                0x00000278                IntDefaultHandler
                0x00000278                USB0_DriverIRQHandler
                0x00000278                QDC0_INDEX_DriverIRQHandler
                0x00000278                QDC1_WATCHDOG_DriverIRQHandler
                0x00000278                WUU0_DriverIRQHandler
                0x00000278                DAC0_DriverIRQHandler
                0x00000278                UTICK0_DriverIRQHandler
                0x00000278                Reserved41_DriverIRQHandler
                0x00000278                FLEXPWM0_SUBMODULE2_DriverIRQHandler
                0x00000278                WWDT0_DriverIRQHandler
                0x00000278                Reserved84_DriverIRQHandler
                0x00000278                DMA_CH7_DriverIRQHandler
                0x00000278                CTIMER4_DriverIRQHandler
                0x00000278                FLEXPWM0_FAULT_DriverIRQHandler
                0x00000278                DMA_CH4_DriverIRQHandler
                0x00000278                GPIO0_DriverIRQHandler
                0x00000278                Reserved38_DriverIRQHandler
                0x00000278                FREQME0_DriverIRQHandler
                0x00000278                Reserved53_DriverIRQHandler
                0x00000278                FLEXPWM1_FAULT_DriverIRQHandler
                0x00000278                CTIMER0_DriverIRQHandler
                0x00000278                CTIMER1_DriverIRQHandler
                0x00000278                QDC0_COMPARE_DriverIRQHandler
                0x00000278                GPIO4_DriverIRQHandler
                0x00000278                ADC1_DriverIRQHandler
                0x00000278                QDC1_INDEX_DriverIRQHandler
                0x00000278                Reserved92_DriverIRQHandler
                0x00000278                CTIMER3_DriverIRQHandler
                0x00000278                FLEXPWM1_SUBMODULE0_DriverIRQHandler
                0x00000278                LPSPI0_DriverIRQHandler
                0x00000278                DMA_CH3_DriverIRQHandler
                0x00000278                Reserved72_DriverIRQHandler
                0x00000278                VBAT0_DriverIRQHandler
                0x00000278                Reserved65_DriverIRQHandler
                0x00000278                ERM0_SINGLE_BIT_DriverIRQHandler
                0x00000278                DMA_CH2_DriverIRQHandler
                0x00000278                CMC_DriverIRQHandler
                0x00000278                FLEXIO_DriverIRQHandler
                0x00000278                FLEXPWM1_RELOAD_ERROR_DriverIRQHandler
                0x00000278                LPI2C1_DriverIRQHandler
                0x00000278                FMU0_DriverIRQHandler
                0x00000278                QDC1_COMPARE_DriverIRQHandler
                0x00000278                LPSPI1_DriverIRQHandler
                0x00000278                Reserved77_DriverIRQHandler
                0x00000278                FLEXPWM1_SUBMODULE2_DriverIRQHandler
                0x00000278                Reserved16_DriverIRQHandler
                0x00000278                GPIO2_DriverIRQHandler
                0x00000278                Reserved85_DriverIRQHandler
                0x00000278                ADC0_DriverIRQHandler
                0x00000278                CMP0_DriverIRQHandler
                0x00000278                CDOG0_DriverIRQHandler
                0x00000278                CAN0_DriverIRQHandler
                0x00000278                DMA_CH0_DriverIRQHandler
                0x00000278                DMA_CH1_DriverIRQHandler
                0x00000278                SPC0_DriverIRQHandler
                0x00000278                GLIKEY0_DriverIRQHandler
                0x00000278                Reserved46_DriverIRQHandler
                0x00000278                Reserved37_DriverIRQHandler
                0x00000278                LPI2C2_DriverIRQHandler
                0x00000278                Reserved86_DriverIRQHandler
                0x00000278                GPIO1_DriverIRQHandler
                0x00000278                FLEXPWM0_SUBMODULE0_DriverIRQHandler
                0x00000278                OS_EVENT_DriverIRQHandler
                0x00000278                SCG0_DriverIRQHandler
                0x00000278                GPIO3_DriverIRQHandler
 *(SORT_BY_ALIGNMENT(.text*))
 *fill*         0x0000027a        0x2 ff
 .text.DbgConsole_SendDataReliable
                0x0000027c       0x54 ./utilities/debug_console/fsl_debug_console.o
                0x0000027c                DbgConsole_SendDataReliable
 .text.DbgConsole_Vprintf
                0x000002d0       0x68 ./utilities/debug_console/fsl_debug_console.o
                0x000002d0                DbgConsole_Vprintf
 .text.__assertion_failed
                0x00000338       0x3c ./utilities/fsl_assert.o
                0x00000338                __assertion_failed
 .text.main     0x00000374       0x98 ./source/MCXA156_Potentiometer.o
                0x00000374                main
 .text.CLOCK_SetClockSelect
                0x0000040c       0x94 ./drivers/fsl_clock.o
                0x0000040c                CLOCK_SetClockSelect
 .text.CLOCK_SetClockDiv
                0x000004a0       0x7c ./drivers/fsl_clock.o
                0x000004a0                CLOCK_SetClockDiv
 .text.CLOCK_SetupFROHFClocking
                0x0000051c       0xf8 ./drivers/fsl_clock.o
                0x0000051c                CLOCK_SetupFROHFClocking
 .text.CLOCK_SetupFRO12MClocking
                0x00000614       0x54 ./drivers/fsl_clock.o
                0x00000614                CLOCK_SetupFRO12MClocking
 .text.CLOCK_GetFro12MFreq
                0x00000668       0x2c ./drivers/fsl_clock.o
 .text.CLOCK_GetFroHfFreq
                0x00000694       0xc0 ./drivers/fsl_clock.o
 .text.CLOCK_GetClk16KFreq
                0x00000754       0x48 ./drivers/fsl_clock.o
 .text.CLOCK_GetExtClkFreq
                0x0000079c       0x2c ./drivers/fsl_clock.o
 .text.CLOCK_GetMainClk
                0x000007c8       0x68 ./drivers/fsl_clock.o
                0x000007c8                CLOCK_GetMainClk
 .text.CLOCK_GetCoreSysClkFreq
                0x00000830       0x20 ./drivers/fsl_clock.o
                0x00000830                CLOCK_GetCoreSysClkFreq
 .text.CLOCK_EnableClock
                0x00000850       0xb0 ./drivers/fsl_lpuart.o
 .text.LPUART_GetInstance
                0x00000900       0x4c ./drivers/fsl_lpuart.o
                0x00000900                LPUART_GetInstance
 .text.LPUART_Init
                0x0000094c      0x3b8 ./drivers/fsl_lpuart.o
                0x0000094c                LPUART_Init
 .text.LPUART_GetDefaultConfig
                0x00000d04       0xa0 ./drivers/fsl_lpuart.o
                0x00000d04                LPUART_GetDefaultConfig
 .text.LPUART_GetStatusFlags
                0x00000da4       0x38 ./drivers/fsl_lpuart.o
                0x00000da4                LPUART_GetStatusFlags
 .text.LPUART_ClearStatusFlags
                0x00000ddc       0x7c ./drivers/fsl_lpuart.o
                0x00000ddc                LPUART_ClearStatusFlags
 .text.LPUART_WriteBlocking
                0x00000e58       0x68 ./drivers/fsl_lpuart.o
                0x00000e58                LPUART_WriteBlocking
 .text.LPUART_ReadBlocking
                0x00000ec0       0xb0 ./drivers/fsl_lpuart.o
                0x00000ec0                LPUART_ReadBlocking
 .text.LPUART0_DriverIRQHandler
                0x00000f70       0x24 ./drivers/fsl_lpuart.o
                0x00000f70                LPUART0_DriverIRQHandler
 .text.LPUART1_DriverIRQHandler
                0x00000f94       0x24 ./drivers/fsl_lpuart.o
                0x00000f94                LPUART1_DriverIRQHandler
 .text.LPUART2_DriverIRQHandler
                0x00000fb8       0x24 ./drivers/fsl_lpuart.o
                0x00000fb8                LPUART2_DriverIRQHandler
 .text.LPUART3_DriverIRQHandler
                0x00000fdc       0x24 ./drivers/fsl_lpuart.o
                0x00000fdc                LPUART3_DriverIRQHandler
 .text.LPUART4_DriverIRQHandler
                0x00001000       0x24 ./drivers/fsl_lpuart.o
                0x00001000                LPUART4_DriverIRQHandler
 .text.RESET_SetPeripheralReset
                0x00001024       0xb4 ./drivers/fsl_reset.o
                0x00001024                RESET_SetPeripheralReset
 .text.SPC_SetSRAMOperateVoltage
                0x000010d8       0x58 ./drivers/fsl_spc.o
                0x000010d8                SPC_SetSRAMOperateVoltage
 .text.SPC_SetActiveModeCoreLDORegulatorConfig
                0x00001130       0x84 ./drivers/fsl_spc.o
                0x00001130                SPC_SetActiveModeCoreLDORegulatorConfig
 .text.SystemInit
                0x000011b4      0x1a4 ./device/system_MCXA156.o
                0x000011b4                SystemInit
 .text.HAL_UartSendBlocking
                0x00001358       0x64 ./component/uart/fsl_adapter_lpuart.o
                0x00001358                HAL_UartSendBlocking
 .text.BOARD_BootClockFRO96M
                0x000013bc       0xd0 ./board/clock_config.o
                0x000013bc                BOARD_BootClockFRO96M
 .text.CLOCK_EnableClock
                0x0000148c       0xb0 ./board/pin_mux.o
 .text.PORT_SetPinConfig
                0x0000153c       0x38 ./board/pin_mux.o
 .text.BOARD_InitPins
                0x00001574       0x80 ./board/pin_mux.o
                0x00001574                BOARD_InitPins
 .text._initio  0x000015f4       0x78 C:/nxp/MCUXpressoIDE_25.6.136/ide/plugins/com.nxp.mcuxpresso.tools.win32_25.6.0.202501151204/tools/bin/../lib/gcc/arm-none-eabi/14.2.1/../../../../arm-none-eabi/lib/thumb/v8-m.main+fp/hard\libcr_c.a(initio.o)
                0x000015f4                _initio
 .text._Cwritebuf
                0x0000166c       0x70 C:/nxp/MCUXpressoIDE_25.6.136/ide/plugins/com.nxp.mcuxpresso.tools.win32_25.6.0.202501151204/tools/bin/../lib/gcc/arm-none-eabi/14.2.1/../../../../arm-none-eabi/lib/thumb/v8-m.main+fp/hard\libcr_c.a(_writebuf.o)
                0x0000166c                _Cwritebuf
 .text.fflush   0x000016dc       0x3c C:/nxp/MCUXpressoIDE_25.6.136/ide/plugins/com.nxp.mcuxpresso.tools.win32_25.6.0.202501151204/tools/bin/../lib/gcc/arm-none-eabi/14.2.1/../../../../arm-none-eabi/lib/thumb/v8-m.main+fp/hard\libcr_c.a(fflush.o)
                0x000016dc                fflush
 .text.fseek    0x00001718       0xf8 C:/nxp/MCUXpressoIDE_25.6.136/ide/plugins/com.nxp.mcuxpresso.tools.win32_25.6.0.202501151204/tools/bin/../lib/gcc/arm-none-eabi/14.2.1/../../../../arm-none-eabi/lib/thumb/v8-m.main+fp/hard\libcr_c.a(fseek.o)
                0x00001718                fseek
 .text.ftell    0x00001810       0x44 C:/nxp/MCUXpressoIDE_25.6.136/ide/plugins/com.nxp.mcuxpresso.tools.win32_25.6.0.202501151204/tools/bin/../lib/gcc/arm-none-eabi/14.2.1/../../../../arm-none-eabi/lib/thumb/v8-m.main+fp/hard\libcr_c.a(ftell.o)
                0x00001810                ftell
 .text.PrintGetWidth
                0x00001854       0x6a ./utilities/str/fsl_str.o
 .text.PrintGetPrecision
                0x000018be       0x8c ./utilities/str/fsl_str.o
 .text.PrintIsobpu
                0x0000194a       0x38 ./utilities/str/fsl_str.o
 .text.PrintIsdi
                0x00001982       0x2c ./utilities/str/fsl_str.o
 .text.PrintOutputdifFobpu
                0x000019ae       0x44 ./utilities/str/fsl_str.o
 .text.PrintOutputxX
                0x000019f2       0x44 ./utilities/str/fsl_str.o
 .text.PrintIsfF
                0x00001a36       0x2c ./utilities/str/fsl_str.o
 .text.PrintIsxX
                0x00001a62       0x2c ./utilities/str/fsl_str.o
 .text.PrintFilterLengthFlag
                0x00001a8e       0x3e ./utilities/str/fsl_str.o
 .text.PrintGetRadixFromobpu
                0x00001acc       0x40 ./utilities/str/fsl_str.o
 .text.ConvertRadixNumToString
                0x00001b0c       0xc2 ./utilities/str/fsl_str.o
 .text.StrFormatExaminedi
                0x00001bce       0x26 ./utilities/str/fsl_str.o
 .text.StrFormatExaminexX
                0x00001bf4       0x26 ./utilities/str/fsl_str.o
 .text.StrFormatExamineobpu
                0x00001c1a       0x26 ./utilities/str/fsl_str.o
 .text.ConvertPrecisionWidthToLength
                0x00001c40       0x20 ./utilities/str/fsl_str.o
 .text.StrFormatPrintf
                0x00001c60      0x2bc ./utilities/str/fsl_str.o
                0x00001c60                StrFormatPrintf
 .text.DbgConsole_PrintCallback
                0x00001f1c       0x66 ./utilities/debug_console/fsl_debug_console.o
 .text.DbgConsole_Printf
                0x00001f82       0x2c ./utilities/debug_console/fsl_debug_console.o
                0x00001f82                DbgConsole_Printf
 .text.fsl_assert_hook
                0x00001fae       0x1a ./utilities/fsl_assert.o
                0x00001fae                fsl_assert_hook
 .text.Reserved16_IRQHandler
                0x00001fc8        0x8 ./startup/startup_mcxa156.o
                0x00001fc8                Reserved16_IRQHandler
 .text.CMC_IRQHandler
                0x00001fd0        0x8 ./startup/startup_mcxa156.o
                0x00001fd0                CMC_IRQHandler
 .text.DMA_CH0_IRQHandler
                0x00001fd8        0x8 ./startup/startup_mcxa156.o
                0x00001fd8                DMA_CH0_IRQHandler
 .text.DMA_CH1_IRQHandler
                0x00001fe0        0x8 ./startup/startup_mcxa156.o
                0x00001fe0                DMA_CH1_IRQHandler
 .text.DMA_CH2_IRQHandler
                0x00001fe8        0x8 ./startup/startup_mcxa156.o
                0x00001fe8                DMA_CH2_IRQHandler
 .text.DMA_CH3_IRQHandler
                0x00001ff0        0x8 ./startup/startup_mcxa156.o
                0x00001ff0                DMA_CH3_IRQHandler
 .text.DMA_CH4_IRQHandler
                0x00001ff8        0x8 ./startup/startup_mcxa156.o
                0x00001ff8                DMA_CH4_IRQHandler
 .text.DMA_CH5_IRQHandler
                0x00002000        0x8 ./startup/startup_mcxa156.o
                0x00002000                DMA_CH5_IRQHandler
 .text.DMA_CH6_IRQHandler
                0x00002008        0x8 ./startup/startup_mcxa156.o
                0x00002008                DMA_CH6_IRQHandler
 .text.DMA_CH7_IRQHandler
                0x00002010        0x8 ./startup/startup_mcxa156.o
                0x00002010                DMA_CH7_IRQHandler
 .text.ERM0_SINGLE_BIT_IRQHandler
                0x00002018        0x8 ./startup/startup_mcxa156.o
                0x00002018                ERM0_SINGLE_BIT_IRQHandler
 .text.ERM0_MULTI_BIT_IRQHandler
                0x00002020        0x8 ./startup/startup_mcxa156.o
                0x00002020                ERM0_MULTI_BIT_IRQHandler
 .text.FMU0_IRQHandler
                0x00002028        0x8 ./startup/startup_mcxa156.o
                0x00002028                FMU0_IRQHandler
 .text.GLIKEY0_IRQHandler
                0x00002030        0x8 ./startup/startup_mcxa156.o
                0x00002030                GLIKEY0_IRQHandler
 .text.MBC0_IRQHandler
                0x00002038        0x8 ./startup/startup_mcxa156.o
                0x00002038                MBC0_IRQHandler
 .text.SCG0_IRQHandler
                0x00002040        0x8 ./startup/startup_mcxa156.o
                0x00002040                SCG0_IRQHandler
 .text.SPC0_IRQHandler
                0x00002048        0x8 ./startup/startup_mcxa156.o
                0x00002048                SPC0_IRQHandler
 .text.VBAT0_IRQHandler
                0x00002050        0x8 ./startup/startup_mcxa156.o
                0x00002050                VBAT0_IRQHandler
 .text.WUU0_IRQHandler
                0x00002058        0x8 ./startup/startup_mcxa156.o
                0x00002058                WUU0_IRQHandler
 .text.CAN0_IRQHandler
                0x00002060        0x8 ./startup/startup_mcxa156.o
                0x00002060                CAN0_IRQHandler
 .text.Reserved36_IRQHandler
                0x00002068        0x8 ./startup/startup_mcxa156.o
                0x00002068                Reserved36_IRQHandler
 .text.Reserved37_IRQHandler
                0x00002070        0x8 ./startup/startup_mcxa156.o
                0x00002070                Reserved37_IRQHandler
 .text.Reserved38_IRQHandler
                0x00002078        0x8 ./startup/startup_mcxa156.o
                0x00002078                Reserved38_IRQHandler
 .text.FLEXIO_IRQHandler
                0x00002080        0x8 ./startup/startup_mcxa156.o
                0x00002080                FLEXIO_IRQHandler
 .text.I3C0_IRQHandler
                0x00002088        0x8 ./startup/startup_mcxa156.o
                0x00002088                I3C0_IRQHandler
 .text.Reserved41_IRQHandler
                0x00002090        0x8 ./startup/startup_mcxa156.o
                0x00002090                Reserved41_IRQHandler
 .text.LPI2C0_IRQHandler
                0x00002098        0x8 ./startup/startup_mcxa156.o
                0x00002098                LPI2C0_IRQHandler
 .text.LPI2C1_IRQHandler
                0x000020a0        0x8 ./startup/startup_mcxa156.o
                0x000020a0                LPI2C1_IRQHandler
 .text.LPSPI0_IRQHandler
                0x000020a8        0x8 ./startup/startup_mcxa156.o
                0x000020a8                LPSPI0_IRQHandler
 .text.LPSPI1_IRQHandler
                0x000020b0        0x8 ./startup/startup_mcxa156.o
                0x000020b0                LPSPI1_IRQHandler
 .text.Reserved46_IRQHandler
                0x000020b8        0x8 ./startup/startup_mcxa156.o
                0x000020b8                Reserved46_IRQHandler
 .text.LPUART0_IRQHandler
                0x000020c0        0x8 ./startup/startup_mcxa156.o
                0x000020c0                LPUART0_IRQHandler
 .text.LPUART1_IRQHandler
                0x000020c8        0x8 ./startup/startup_mcxa156.o
                0x000020c8                LPUART1_IRQHandler
 .text.LPUART2_IRQHandler
                0x000020d0        0x8 ./startup/startup_mcxa156.o
                0x000020d0                LPUART2_IRQHandler
 .text.LPUART3_IRQHandler
                0x000020d8        0x8 ./startup/startup_mcxa156.o
                0x000020d8                LPUART3_IRQHandler
 .text.LPUART4_IRQHandler
                0x000020e0        0x8 ./startup/startup_mcxa156.o
                0x000020e0                LPUART4_IRQHandler
 .text.USB0_IRQHandler
                0x000020e8        0x8 ./startup/startup_mcxa156.o
                0x000020e8                USB0_IRQHandler
 .text.Reserved53_IRQHandler
                0x000020f0        0x8 ./startup/startup_mcxa156.o
                0x000020f0                Reserved53_IRQHandler
 .text.CDOG0_IRQHandler
                0x000020f8        0x8 ./startup/startup_mcxa156.o
                0x000020f8                CDOG0_IRQHandler
 .text.CTIMER0_IRQHandler
                0x00002100        0x8 ./startup/startup_mcxa156.o
                0x00002100                CTIMER0_IRQHandler
 .text.CTIMER1_IRQHandler
                0x00002108        0x8 ./startup/startup_mcxa156.o
                0x00002108                CTIMER1_IRQHandler
 .text.CTIMER2_IRQHandler
                0x00002110        0x8 ./startup/startup_mcxa156.o
                0x00002110                CTIMER2_IRQHandler
 .text.CTIMER3_IRQHandler
                0x00002118        0x8 ./startup/startup_mcxa156.o
                0x00002118                CTIMER3_IRQHandler
 .text.CTIMER4_IRQHandler
                0x00002120        0x8 ./startup/startup_mcxa156.o
                0x00002120                CTIMER4_IRQHandler
 .text.FLEXPWM0_RELOAD_ERROR_IRQHandler
                0x00002128        0x8 ./startup/startup_mcxa156.o
                0x00002128                FLEXPWM0_RELOAD_ERROR_IRQHandler
 .text.FLEXPWM0_FAULT_IRQHandler
                0x00002130        0x8 ./startup/startup_mcxa156.o
                0x00002130                FLEXPWM0_FAULT_IRQHandler
 .text.FLEXPWM0_SUBMODULE0_IRQHandler
                0x00002138        0x8 ./startup/startup_mcxa156.o
                0x00002138                FLEXPWM0_SUBMODULE0_IRQHandler
 .text.FLEXPWM0_SUBMODULE1_IRQHandler
                0x00002140        0x8 ./startup/startup_mcxa156.o
                0x00002140                FLEXPWM0_SUBMODULE1_IRQHandler
 .text.FLEXPWM0_SUBMODULE2_IRQHandler
                0x00002148        0x8 ./startup/startup_mcxa156.o
                0x00002148                FLEXPWM0_SUBMODULE2_IRQHandler
 .text.Reserved65_IRQHandler
                0x00002150        0x8 ./startup/startup_mcxa156.o
                0x00002150                Reserved65_IRQHandler
 .text.QDC0_COMPARE_IRQHandler
                0x00002158        0x8 ./startup/startup_mcxa156.o
                0x00002158                QDC0_COMPARE_IRQHandler
 .text.QDC0_HOME_IRQHandler
                0x00002160        0x8 ./startup/startup_mcxa156.o
                0x00002160                QDC0_HOME_IRQHandler
 .text.QDC0_WATCHDOG_IRQHandler
                0x00002168        0x8 ./startup/startup_mcxa156.o
                0x00002168                QDC0_WATCHDOG_IRQHandler
 .text.QDC0_INDEX_IRQHandler
                0x00002170        0x8 ./startup/startup_mcxa156.o
                0x00002170                QDC0_INDEX_IRQHandler
 .text.FREQME0_IRQHandler
                0x00002178        0x8 ./startup/startup_mcxa156.o
                0x00002178                FREQME0_IRQHandler
 .text.LPTMR0_IRQHandler
                0x00002180        0x8 ./startup/startup_mcxa156.o
                0x00002180                LPTMR0_IRQHandler
 .text.Reserved72_IRQHandler
                0x00002188        0x8 ./startup/startup_mcxa156.o
                0x00002188                Reserved72_IRQHandler
 .text.OS_EVENT_IRQHandler
                0x00002190        0x8 ./startup/startup_mcxa156.o
                0x00002190                OS_EVENT_IRQHandler
 .text.WAKETIMER0_IRQHandler
                0x00002198        0x8 ./startup/startup_mcxa156.o
                0x00002198                WAKETIMER0_IRQHandler
 .text.UTICK0_IRQHandler
                0x000021a0        0x8 ./startup/startup_mcxa156.o
                0x000021a0                UTICK0_IRQHandler
 .text.WWDT0_IRQHandler
                0x000021a8        0x8 ./startup/startup_mcxa156.o
                0x000021a8                WWDT0_IRQHandler
 .text.Reserved77_IRQHandler
                0x000021b0        0x8 ./startup/startup_mcxa156.o
                0x000021b0                Reserved77_IRQHandler
 .text.ADC0_IRQHandler
                0x000021b8        0x8 ./startup/startup_mcxa156.o
                0x000021b8                ADC0_IRQHandler
 .text.ADC1_IRQHandler
                0x000021c0        0x8 ./startup/startup_mcxa156.o
                0x000021c0                ADC1_IRQHandler
 .text.CMP0_IRQHandler
                0x000021c8        0x8 ./startup/startup_mcxa156.o
                0x000021c8                CMP0_IRQHandler
 .text.CMP1_IRQHandler
                0x000021d0        0x8 ./startup/startup_mcxa156.o
                0x000021d0                CMP1_IRQHandler
 .text.Reserved82_IRQHandler
                0x000021d8        0x8 ./startup/startup_mcxa156.o
                0x000021d8                Reserved82_IRQHandler
 .text.DAC0_IRQHandler
                0x000021e0        0x8 ./startup/startup_mcxa156.o
                0x000021e0                DAC0_IRQHandler
 .text.Reserved84_IRQHandler
                0x000021e8        0x8 ./startup/startup_mcxa156.o
                0x000021e8                Reserved84_IRQHandler
 .text.Reserved85_IRQHandler
                0x000021f0        0x8 ./startup/startup_mcxa156.o
                0x000021f0                Reserved85_IRQHandler
 .text.Reserved86_IRQHandler
                0x000021f8        0x8 ./startup/startup_mcxa156.o
                0x000021f8                Reserved86_IRQHandler
 .text.GPIO0_IRQHandler
                0x00002200        0x8 ./startup/startup_mcxa156.o
                0x00002200                GPIO0_IRQHandler
 .text.GPIO1_IRQHandler
                0x00002208        0x8 ./startup/startup_mcxa156.o
                0x00002208                GPIO1_IRQHandler
 .text.GPIO2_IRQHandler
                0x00002210        0x8 ./startup/startup_mcxa156.o
                0x00002210                GPIO2_IRQHandler
 .text.GPIO3_IRQHandler
                0x00002218        0x8 ./startup/startup_mcxa156.o
                0x00002218                GPIO3_IRQHandler
 .text.GPIO4_IRQHandler
                0x00002220        0x8 ./startup/startup_mcxa156.o
                0x00002220                GPIO4_IRQHandler
 .text.Reserved92_IRQHandler
                0x00002228        0x8 ./startup/startup_mcxa156.o
                0x00002228                Reserved92_IRQHandler
 .text.LPI2C2_IRQHandler
                0x00002230        0x8 ./startup/startup_mcxa156.o
                0x00002230                LPI2C2_IRQHandler
 .text.LPI2C3_IRQHandler
                0x00002238        0x8 ./startup/startup_mcxa156.o
                0x00002238                LPI2C3_IRQHandler
 .text.FLEXPWM1_RELOAD_ERROR_IRQHandler
                0x00002240        0x8 ./startup/startup_mcxa156.o
                0x00002240                FLEXPWM1_RELOAD_ERROR_IRQHandler
 .text.FLEXPWM1_FAULT_IRQHandler
                0x00002248        0x8 ./startup/startup_mcxa156.o
                0x00002248                FLEXPWM1_FAULT_IRQHandler
 .text.FLEXPWM1_SUBMODULE0_IRQHandler
                0x00002250        0x8 ./startup/startup_mcxa156.o
                0x00002250                FLEXPWM1_SUBMODULE0_IRQHandler
 .text.FLEXPWM1_SUBMODULE1_IRQHandler
                0x00002258        0x8 ./startup/startup_mcxa156.o
                0x00002258                FLEXPWM1_SUBMODULE1_IRQHandler
 .text.FLEXPWM1_SUBMODULE2_IRQHandler
                0x00002260        0x8 ./startup/startup_mcxa156.o
                0x00002260                FLEXPWM1_SUBMODULE2_IRQHandler
 .text.Reserved100_IRQHandler
                0x00002268        0x8 ./startup/startup_mcxa156.o
                0x00002268                Reserved100_IRQHandler
 .text.QDC1_COMPARE_IRQHandler
                0x00002270        0x8 ./startup/startup_mcxa156.o
                0x00002270                QDC1_COMPARE_IRQHandler
 .text.QDC1_HOME_IRQHandler
                0x00002278        0x8 ./startup/startup_mcxa156.o
                0x00002278                QDC1_HOME_IRQHandler
 .text.QDC1_WATCHDOG_IRQHandler
                0x00002280        0x8 ./startup/startup_mcxa156.o
                0x00002280                QDC1_WATCHDOG_IRQHandler
 .text.QDC1_INDEX_IRQHandler
                0x00002288        0x8 ./startup/startup_mcxa156.o
                0x00002288                QDC1_INDEX_IRQHandler
 .text.HardFault_Handler
                0x00002290       0x36 ./source/semihost_hardfault.o
                0x00002290                HardFault_Handler
 .text.CLOCK_AttachClk
                0x000022c6       0x30 ./drivers/fsl_clock.o
                0x000022c6                CLOCK_AttachClk
 .text.RESET_ReleasePeripheralReset
                0x000022f6       0x1a ./drivers/fsl_lpuart.o
 .text.LPUART_SoftwareReset
                0x00002310       0x2c ./drivers/fsl_lpuart.o
 .text.LPUART_WaitForReadData
                0x0000233c       0xd2 ./drivers/fsl_lpuart.o
 .text.SPC_GetActiveModeBandgapMode
                0x0000240e       0x22 ./drivers/fsl_spc.o
 .text.SPC_GetActiveModeVoltageDetectStatus
                0x00002430       0x22 ./drivers/fsl_spc.o
 .text.SPC_GetActiveModeCoreLDOVDDVoltageLevel
                0x00002452       0x22 ./drivers/fsl_spc.o
 .text.SPC_GetActiveModeCoreLDODriveStrength
                0x00002474       0x22 ./drivers/fsl_spc.o
 .text.SPC_SetActiveModeCoreLDORegulatorVoltageLevel
                0x00002496       0x60 ./drivers/fsl_spc.o
                0x00002496                SPC_SetActiveModeCoreLDORegulatorVoltageLevel
 .text.SPC_SetActiveModeCoreLDORegulatorDriveStrength
                0x000024f6       0x5e ./drivers/fsl_spc.o
                0x000024f6                SPC_SetActiveModeCoreLDORegulatorDriveStrength
 .text.SystemInitHook
                0x00002554        0xe ./device/system_MCXA156.o
                0x00002554                SystemInitHook
 .text.SerialManager_StartWriting
                0x00002562       0x38 ./component/serial_manager/fsl_component_serial_manager.o
 .text.SerialManager_Write
                0x0000259a       0x44 ./component/serial_manager/fsl_component_serial_manager.o
 .text.SerialManager_WriteBlocking
                0x000025de       0x20 ./component/serial_manager/fsl_component_serial_manager.o
                0x000025de                SerialManager_WriteBlocking
 .text.Serial_UartWrite
                0x000025fe       0x38 ./component/serial_manager/fsl_component_serial_port_uart.o
                0x000025fe                Serial_UartWrite
 .text.BOARD_InitBootClocks
                0x00002636        0xc ./board/clock_config.o
                0x00002636                BOARD_InitBootClocks
 .text.RESET_ReleasePeripheralReset
                0x00002642       0x1a ./board/pin_mux.o
 .text.BOARD_InitBootPins
                0x0000265c        0xc ./board/pin_mux.o
                0x0000265c                BOARD_InitBootPins
 .text.__main   0x00002668        0xe C:/nxp/MCUXpressoIDE_25.6.136/ide/plugins/com.nxp.mcuxpresso.tools.win32_25.6.0.202501151204/tools/bin/../lib/gcc/arm-none-eabi/14.2.1/../../../../arm-none-eabi/lib/thumb/v8-m.main+fp/hard\libcr_nohost_nf.a(_cr__main.o)
                0x00002668                __main
 .text.memcpy   0x00002676        0x4 C:/nxp/MCUXpressoIDE_25.6.136/ide/plugins/com.nxp.mcuxpresso.tools.win32_25.6.0.202501151204/tools/bin/../lib/gcc/arm-none-eabi/14.2.1/../../../../arm-none-eabi/lib/thumb/v8-m.main+fp/hard\libcr_c.a(memcpy.o)
                0x00002676                memcpy
 .text.memset   0x0000267a        0x4 C:/nxp/MCUXpressoIDE_25.6.136/ide/plugins/com.nxp.mcuxpresso.tools.win32_25.6.0.202501151204/tools/bin/../lib/gcc/arm-none-eabi/14.2.1/../../../../arm-none-eabi/lib/thumb/v8-m.main+fp/hard\libcr_c.a(memset.o)
                0x0000267a                memset
 .text.free     0x0000267e       0x30 C:/nxp/MCUXpressoIDE_25.6.136/ide/plugins/com.nxp.mcuxpresso.tools.win32_25.6.0.202501151204/tools/bin/../lib/gcc/arm-none-eabi/14.2.1/../../../../arm-none-eabi/lib/thumb/v8-m.main+fp/hard\libcr_c.a(alloc.o)
                0x0000267e                free
 .text.setvbuf  0x000026ae       0x3e C:/nxp/MCUXpressoIDE_25.6.136/ide/plugins/com.nxp.mcuxpresso.tools.win32_25.6.0.202501151204/tools/bin/../lib/gcc/arm-none-eabi/14.2.1/../../../../arm-none-eabi/lib/thumb/v8-m.main+fp/hard\libcr_c.a(setvbuf.o)
                0x000026ae                setvbuf
 .text.strlen   0x000026ec       0x4e C:/nxp/MCUXpressoIDE_25.6.136/ide/plugins/com.nxp.mcuxpresso.tools.win32_25.6.0.202501151204/tools/bin/../lib/gcc/arm-none-eabi/14.2.1/../../../../arm-none-eabi/lib/thumb/v8-m.main+fp/hard\libcr_c.a(strlen.o)
                0x000026ec                strlen
 .text._deferredlazyseek
                0x0000273a       0x40 C:/nxp/MCUXpressoIDE_25.6.136/ide/plugins/com.nxp.mcuxpresso.tools.win32_25.6.0.202501151204/tools/bin/../lib/gcc/arm-none-eabi/14.2.1/../../../../arm-none-eabi/lib/thumb/v8-m.main+fp/hard\libcr_c.a(_deferredlazyseek.o)
                0x0000273a                _deferredlazyseek
 .text._fdopen  0x0000277a       0x68 C:/nxp/MCUXpressoIDE_25.6.136/ide/plugins/com.nxp.mcuxpresso.tools.win32_25.6.0.202501151204/tools/bin/../lib/gcc/arm-none-eabi/14.2.1/../../../../arm-none-eabi/lib/thumb/v8-m.main+fp/hard\libcr_c.a(_fdopen.o)
                0x0000277a                _fdopen
 .text._fflush  0x000027e2       0x52 C:/nxp/MCUXpressoIDE_25.6.136/ide/plugins/com.nxp.mcuxpresso.tools.win32_25.6.0.202501151204/tools/bin/../lib/gcc/arm-none-eabi/14.2.1/../../../../arm-none-eabi/lib/thumb/v8-m.main+fp/hard\libcr_c.a(_fflush.o)
                0x000027e2                _fflush
 .text.fclose   0x00002834       0x58 C:/nxp/MCUXpressoIDE_25.6.136/ide/plugins/com.nxp.mcuxpresso.tools.win32_25.6.0.202501151204/tools/bin/../lib/gcc/arm-none-eabi/14.2.1/../../../../arm-none-eabi/lib/thumb/v8-m.main+fp/hard\libcr_c.a(fclose.o)
                0x00002834                fclose
 .text.remove   0x0000288c       0x14 C:/nxp/MCUXpressoIDE_25.6.136/ide/plugins/com.nxp.mcuxpresso.tools.win32_25.6.0.202501151204/tools/bin/../lib/gcc/arm-none-eabi/14.2.1/../../../../arm-none-eabi/lib/thumb/v8-m.main+fp/hard\libcr_c.a(remove.o)
                0x0000288c                remove
 .text._do_fflush
                0x000028a0       0x40 C:/nxp/MCUXpressoIDE_25.6.136/ide/plugins/com.nxp.mcuxpresso.tools.win32_25.6.0.202501151204/tools/bin/../lib/gcc/arm-none-eabi/14.2.1/../../../../arm-none-eabi/lib/thumb/v8-m.main+fp/hard\libcr_c.a(_do_fflush.o)
                0x000028a0                _do_fflush
 .text.__aeabi_memcpy
                0x000028e0       0x34 C:/nxp/MCUXpressoIDE_25.6.136/ide/plugins/com.nxp.mcuxpresso.tools.win32_25.6.0.202501151204/tools/bin/../lib/gcc/arm-none-eabi/14.2.1/thumb/v8-m.main+fp/hard\libcr_eabihelpers.a(memcpy.o)
                0x000028e0                __aeabi_memcpy
                0x000028ea                __aeabi_memcpy8
                0x000028ea                __aeabi_memcpy4
 .text.__aeabi_memset_lowlevel
                0x00002914       0x32 C:/nxp/MCUXpressoIDE_25.6.136/ide/plugins/com.nxp.mcuxpresso.tools.win32_25.6.0.202501151204/tools/bin/../lib/gcc/arm-none-eabi/14.2.1/thumb/v8-m.main+fp/hard\libcr_eabihelpers.a(memcpy.o)
                0x00002914                __aeabi_lowlevel_memset
 .text.__sys_close
                0x00002946        0x6 C:/nxp/MCUXpressoIDE_25.6.136/ide/plugins/com.nxp.mcuxpresso.tools.win32_25.6.0.202501151204/tools/bin/../lib/gcc/arm-none-eabi/14.2.1/../../../../arm-none-eabi/lib/thumb/v8-m.main+fp/hard\libcr_nohost_nf.a(__sys_close.o)
                0x00002946                __sys_close
 .text.__sys_flen
                0x0000294c        0x6 C:/nxp/MCUXpressoIDE_25.6.136/ide/plugins/com.nxp.mcuxpresso.tools.win32_25.6.0.202501151204/tools/bin/../lib/gcc/arm-none-eabi/14.2.1/../../../../arm-none-eabi/lib/thumb/v8-m.main+fp/hard\libcr_nohost_nf.a(__sys_flen.o)
                0x0000294c                __sys_flen
 .text.__sys_istty
                0x00002952        0x6 C:/nxp/MCUXpressoIDE_25.6.136/ide/plugins/com.nxp.mcuxpresso.tools.win32_25.6.0.202501151204/tools/bin/../lib/gcc/arm-none-eabi/14.2.1/../../../../arm-none-eabi/lib/thumb/v8-m.main+fp/hard\libcr_nohost_nf.a(__sys_istty.o)
                0x00002952                __sys_istty
 .text.__sys_remove
                0x00002958        0x6 C:/nxp/MCUXpressoIDE_25.6.136/ide/plugins/com.nxp.mcuxpresso.tools.win32_25.6.0.202501151204/tools/bin/../lib/gcc/arm-none-eabi/14.2.1/../../../../arm-none-eabi/lib/thumb/v8-m.main+fp/hard\libcr_nohost_nf.a(__sys_remove.o)
                0x00002958                __sys_remove
 .text.__sys_seek
                0x0000295e        0x6 C:/nxp/MCUXpressoIDE_25.6.136/ide/plugins/com.nxp.mcuxpresso.tools.win32_25.6.0.202501151204/tools/bin/../lib/gcc/arm-none-eabi/14.2.1/../../../../arm-none-eabi/lib/thumb/v8-m.main+fp/hard\libcr_nohost_nf.a(__sys_seek.o)
                0x0000295e                __sys_seek
 .text.__sys_tmpnam
                0x00002964        0x6 C:/nxp/MCUXpressoIDE_25.6.136/ide/plugins/com.nxp.mcuxpresso.tools.win32_25.6.0.202501151204/tools/bin/../lib/gcc/arm-none-eabi/14.2.1/../../../../arm-none-eabi/lib/thumb/v8-m.main+fp/hard\libcr_nohost_nf.a(__sys_tmpnam.o)
                0x00002964                __sys_tmpnam
 .text.__sys_write
                0x0000296a        0x4 C:/nxp/MCUXpressoIDE_25.6.136/ide/plugins/com.nxp.mcuxpresso.tools.win32_25.6.0.202501151204/tools/bin/../lib/gcc/arm-none-eabi/14.2.1/../../../../arm-none-eabi/lib/thumb/v8-m.main+fp/hard\libcr_nohost_nf.a(__sys_write.o)
                0x0000296a                __sys_write
 *(SORT_BY_ALIGNMENT(.rodata) SORT_BY_ALIGNMENT(.rodata.*) SORT_BY_ALIGNMENT(.constdata) SORT_BY_ALIGNMENT(.constdata.*))
 *fill*         0x0000296e        0x2 ff
 .rodata.__assertion_failed.str1.4
                0x00002970      0x45b ./utilities/fsl_assert.o
                                 0x14 (size before relaxing)
 .rodata.main.str1.4
                0x00002dcb       0x2e ./source/MCXA156_Potentiometer.o
 .rodata.CLOCK_SetClockSelect.str1.4
                0x00002dcb       0x2c ./drivers/fsl_clock.o
 .rodata.CLOCK_SetClockDiv.str1.4
                0x00002dcb       0x2c ./drivers/fsl_clock.o
 *fill*         0x00002dcb        0x1 ff
 .rodata.s_lpuartBases
                0x00002dcc       0x14 ./drivers/fsl_lpuart.o
 .rodata.s_lpuartClock
                0x00002de0       0x14 ./drivers/fsl_lpuart.o
 .rodata.s_lpuartResets
                0x00002df4        0xa ./drivers/fsl_lpuart.o
 .rodata.LPUART_GetInstance.str1.4
                0x00002dfe       0x38 ./drivers/fsl_lpuart.o
 .rodata.LPUART_Init.str1.4
                0x00002dfe      0x1b0 ./drivers/fsl_lpuart.o
 .rodata.LPUART_GetDefaultConfig.str1.4
                0x00002dfe       0x22 ./drivers/fsl_lpuart.o
 .rodata.LPUART_WriteBlocking.str1.4
                0x00002dfe       0x21 ./drivers/fsl_lpuart.o
 .rodata.LPUART_ReadBlocking.str1.4
                0x00002dfe       0x21 ./drivers/fsl_lpuart.o
 .rodata.RESET_SetPeripheralReset.str1.4
                0x00002dfe       0x3f ./drivers/fsl_reset.o
 .rodata.SPC_SetSRAMOperateVoltage.str1.4
                0x00002dfe       0x1f ./drivers/fsl_spc.o
 .rodata.SPC_SetActiveModeCoreLDORegulatorConfig.str1.4
                0x00002dfe       0x1f ./drivers/fsl_spc.o
 *fill*         0x00002dfe        0x2 ff
 .rodata.s_LpuartAdapterBase
                0x00002e00       0x14 ./component/uart/fsl_adapter_lpuart.o
 .rodata.HAL_UartSendBlocking.str1.4
                0x00002e14       0x7b ./component/uart/fsl_adapter_lpuart.o
 .rodata.PORT_SetPinConfig.str1.4
                0x00002e14       0x6f ./board/pin_mux.o
 .rodata.__num_Ciob_streams
                0x00002e14        0x4 C:/nxp/MCUXpressoIDE_25.6.136/ide/plugins/com.nxp.mcuxpresso.tools.win32_25.6.0.202501151204/tools/bin/../lib/gcc/arm-none-eabi/14.2.1/../../../../arm-none-eabi/lib/thumb/v8-m.main+fp/hard\libcr_nohost_nf.a(__ciob.o)
                0x00002e14                __num_Ciob_streams
 .rodata._initio.str1.1
                0x00002e18        0x4 C:/nxp/MCUXpressoIDE_25.6.136/ide/plugins/com.nxp.mcuxpresso.tools.win32_25.6.0.202501151204/tools/bin/../lib/gcc/arm-none-eabi/14.2.1/../../../../arm-none-eabi/lib/thumb/v8-m.main+fp/hard\libcr_c.a(initio.o)
                0x00002e90                        . = ALIGN (0x4)

.glue_7         0x00002e1c        0x0
 .glue_7        0x00002e1c        0x0 linker stubs

.glue_7t        0x00002e1c        0x0
 .glue_7t       0x00002e1c        0x0 linker stubs

.vfp11_veneer   0x00002e1c        0x0
 .vfp11_veneer  0x00002e1c        0x0 linker stubs

.v4_bx          0x00002e1c        0x0
 .v4_bx         0x00002e1c        0x0 linker stubs

.iplt           0x00002e1c        0x0
 .iplt          0x00002e1c        0x0 ./utilities/str/fsl_str.o

.rel.dyn        0x00002e1c        0x0
 .rel.iplt      0x00002e1c        0x0 ./utilities/str/fsl_str.o

.ARM.extab
 *(SORT_BY_ALIGNMENT(.ARM.extab*) SORT_BY_ALIGNMENT(.gnu.linkonce.armextab.*))

.ARM.exidx      0x00002e1c        0x0
                0x00002e1c                        __exidx_start = .
 *(SORT_BY_ALIGNMENT(.ARM.exidx*) SORT_BY_ALIGNMENT(.gnu.linkonce.armexidx.*))
                0x00002e1c                        __exidx_end = .
                0x00002e1c                        _etext = .

.data_RAM2      0x04000000        0x0 load address 0x00002e1c
 FILL mask 0xff
                [!provide]                        PROVIDE (__start_data_RAM2 = .)
                [!provide]                        PROVIDE (__start_data_SRAMX = .)
 *(SORT_BY_ALIGNMENT(.ramfunc.$RAM2))
 *(SORT_BY_ALIGNMENT(.ramfunc.$SRAMX))
 *(SORT_BY_ALIGNMENT(.data.$RAM2))
 *(SORT_BY_ALIGNMENT(.data.$SRAMX))
 *(SORT_BY_ALIGNMENT(.data.$RAM2.*))
 *(SORT_BY_ALIGNMENT(.data.$SRAMX.*))
                0x04000000                        . = ALIGN (0x4)
                [!provide]                        PROVIDE (__end_data_RAM2 = .)
                [!provide]                        PROVIDE (__end_data_SRAMX = .)

.uninit_RESERVED
                0x20000000        0x0
                0x20000000                        _start_uninit_RESERVED = .
 *(SORT_BY_ALIGNMENT(.bss.$RESERVED*))
                0x20000000                        . = ALIGN (0x4)
                0x20000000                        _end_uninit_RESERVED = .

.data           0x20000000        0x8 load address 0x00002e1c
 FILL mask 0xff
                0x20000000                        _data = .
                [!provide]                        PROVIDE (__start_data_RAM = .)
                [!provide]                        PROVIDE (__start_data_SRAM = .)
 *(SORT_BY_ALIGNMENT(vtable))
 *(SORT_BY_ALIGNMENT(.ramfunc*))
 *(SORT_BY_ALIGNMENT(CodeQuickAccess))
 *(SORT_BY_ALIGNMENT(DataQuickAccess))
 *(SORT_BY_ALIGNMENT(RamFunction))
 *(SORT_BY_ALIGNMENT(.data*))
 .data.s_Ext_Clk_Freq
                0x20000000        0x4 ./drivers/fsl_clock.o
 .data.SystemCoreClock
                0x20000004        0x4 ./device/system_MCXA156.o
                0x20000004                SystemCoreClock
                0x20000008                        . = ALIGN (0x4)
                0x20000008                        _edata = .
                [!provide]                        PROVIDE (__end_data_RAM = .)
                [!provide]                        PROVIDE (__end_data_SRAM = .)

.igot.plt       0x20000008        0x0 load address 0x00002e24
 .igot.plt      0x20000008        0x0 ./utilities/str/fsl_str.o

.bss_RAM2       0x04000000        0x0
                [!provide]                        PROVIDE (__start_bss_RAM2 = .)
                [!provide]                        PROVIDE (__start_bss_SRAMX = .)
 *(SORT_BY_ALIGNMENT(.bss.$RAM2))
 *(SORT_BY_ALIGNMENT(.bss.$SRAMX))
 *(SORT_BY_ALIGNMENT(.bss.$RAM2.*))
 *(SORT_BY_ALIGNMENT(.bss.$SRAMX.*))
                0x04000000                        . = ALIGN ((. != 0x0)?0x4:0x1)
                [!provide]                        PROVIDE (__end_bss_RAM2 = .)
                [!provide]                        PROVIDE (__end_bss_SRAMX = .)

.bss            0x20000008      0x108
                0x20000008                        _bss = .
                [!provide]                        PROVIDE (__start_bss_RAM = .)
                [!provide]                        PROVIDE (__start_bss_SRAM = .)
 *(SORT_BY_ALIGNMENT(.bss*))
 .bss.s_debugConsoleState
                0x20000008       0x24 ./utilities/debug_console/fsl_debug_console.o
 .bss.g_serialHandle
                0x2000002c        0x4 ./utilities/debug_console/fsl_debug_console.o
                0x2000002c                g_serialHandle
 .bss.s_lpuartHandle
                0x20000030       0x14 ./drivers/fsl_lpuart.o
                0x20000030                s_lpuartHandle
 .bss.s_lpuartIsr
                0x20000044       0x14 ./drivers/fsl_lpuart.o
                0x20000044                s_lpuartIsr
 .bss.errno     0x20000058        0x4 C:/nxp/MCUXpressoIDE_25.6.136/ide/plugins/com.nxp.mcuxpresso.tools.win32_25.6.0.202501151204/tools/bin/../lib/gcc/arm-none-eabi/14.2.1/../../../../arm-none-eabi/lib/thumb/v8-m.main+fp/hard\libcr_c.a(errno.o)
                0x20000058                errno
 .bss.__Ciob    0x2000005c       0xb4 C:/nxp/MCUXpressoIDE_25.6.136/ide/plugins/com.nxp.mcuxpresso.tools.win32_25.6.0.202501151204/tools/bin/../lib/gcc/arm-none-eabi/14.2.1/../../../../arm-none-eabi/lib/thumb/v8-m.main+fp/hard\libcr_nohost_nf.a(__ciob.o)
                0x2000005c                __Ciob
 *(SORT_BY_ALIGNMENT(COMMON))
                0x20000110                        . = ALIGN (0x4)
                0x20000110                        _ebss = .
                [!provide]                        PROVIDE (__end_bss_RAM = .)
                [!provide]                        PROVIDE (__end_bss_SRAM = .)
                [!provide]                        PROVIDE (end = .)

.noinit_RAM2    0x04000000        0x0
                [!provide]                        PROVIDE (__start_noinit_RAM2 = .)
                [!provide]                        PROVIDE (__start_noinit_SRAMX = .)
 *(SORT_BY_ALIGNMENT(.noinit.$RAM2))
 *(SORT_BY_ALIGNMENT(.noinit.$SRAMX))
 *(SORT_BY_ALIGNMENT(.noinit.$RAM2.*))
 *(SORT_BY_ALIGNMENT(.noinit.$SRAMX.*))
                0x04000000                        . = ALIGN (0x4)
                [!provide]                        PROVIDE (__end_noinit_RAM2 = .)
                [!provide]                        PROVIDE (__end_noinit_SRAMX = .)

.noinit         0x20000110        0x0
                0x20000110                        _noinit = .
                [!provide]                        PROVIDE (__start_noinit_RAM = .)
                [!provide]                        PROVIDE (__start_noinit_SRAM = .)
 *(SORT_BY_ALIGNMENT(.noinit*))
                0x20000110                        . = ALIGN (0x4)
                0x20000110                        _end_noinit = .
                [!provide]                        PROVIDE (__end_noinit_RAM = .)
                [!provide]                        PROVIDE (__end_noinit_SRAM = .)
                0x00001000                        _HeapSize = 0x1000

.heap           0x20000110     0x1000
                0x20000110                        _pvHeapStart = .
                0x20001110                        . = (. + _HeapSize)
 *fill*         0x20000110     0x1000 
                0x20001110                        . = ALIGN (0x4)
                0x20001110                        _pvHeapLimit = .
                0x00001000                        _StackSize = 0x1000

.heap2stackfill
                0x20001110     0x1000
                0x20002110                        . = (. + _StackSize)
 *fill*         0x20001110     0x1000 

.stack          0x2001d000        0x0
                0x2001d000                        _vStackBase = .
                0x2001d000                        . = ALIGN (0x4)
                0x2001e000                        _vStackTop = (. + _StackSize)
                0x00000000                        _image_start = LOADADDR (.text)
                0x00002e24                        _image_end = (LOADADDR (.data) + SIZEOF (.data))
                0x00002e24                        _image_size = (_image_end - _image_start)
OUTPUT(MCXA156_Potentiometer.axf elf32-littlearm)
LOAD linker stubs

.debug_info     0x00000000    0x124a6
 .debug_info    0x00000000      0xd5d ./utilities/str/fsl_str.o
 .debug_info    0x00000d5d      0xf3f ./utilities/debug_console/fsl_debug_console.o
 .debug_info    0x00001c9c      0x1c2 ./utilities/fsl_assert.o
 .debug_info    0x00001e5e      0xd1f ./startup/startup_mcxa156.o
 .debug_info    0x00002b7d      0xbf5 ./source/MCXA156_Potentiometer.o
 .debug_info    0x00003772       0x3c ./source/semihost_hardfault.o
 .debug_info    0x000037ae     0x2694 ./drivers/fsl_clock.o
 .debug_info    0x00005e42     0x306e ./drivers/fsl_lpuart.o
 .debug_info    0x00008eb0      0xbc2 ./drivers/fsl_reset.o
 .debug_info    0x00009a72      0xfca ./drivers/fsl_spc.o
 .debug_info    0x0000aa3c      0xfd0 ./device/system_MCXA156.o
 .debug_info    0x0000ba0c      0xd80 ./component/uart/fsl_adapter_lpuart.o
 .debug_info    0x0000c78c      0xeba ./component/serial_manager/fsl_component_serial_manager.o
 .debug_info    0x0000d646      0x54a ./component/serial_manager/fsl_component_serial_port_uart.o
 .debug_info    0x0000db90      0xcec ./board/clock_config.o
 .debug_info    0x0000e87c     0x1180 ./board/pin_mux.o
 .debug_info    0x0000f9fc       0x85 C:/nxp/MCUXpressoIDE_25.6.136/ide/plugins/com.nxp.mcuxpresso.tools.win32_25.6.0.202501151204/tools/bin/../lib/gcc/arm-none-eabi/14.2.1/../../../../arm-none-eabi/lib/thumb/v8-m.main+fp/hard\libcr_nohost_nf.a(_cr__main.o)
 .debug_info    0x0000fa81      0x12b C:/nxp/MCUXpressoIDE_25.6.136/ide/plugins/com.nxp.mcuxpresso.tools.win32_25.6.0.202501151204/tools/bin/../lib/gcc/arm-none-eabi/14.2.1/../../../../arm-none-eabi/lib/thumb/v8-m.main+fp/hard\libcr_c.a(memcpy.o)
 .debug_info    0x0000fbac       0xfc C:/nxp/MCUXpressoIDE_25.6.136/ide/plugins/com.nxp.mcuxpresso.tools.win32_25.6.0.202501151204/tools/bin/../lib/gcc/arm-none-eabi/14.2.1/../../../../arm-none-eabi/lib/thumb/v8-m.main+fp/hard\libcr_c.a(memset.o)
 .debug_info    0x0000fca8      0x520 C:/nxp/MCUXpressoIDE_25.6.136/ide/plugins/com.nxp.mcuxpresso.tools.win32_25.6.0.202501151204/tools/bin/../lib/gcc/arm-none-eabi/14.2.1/../../../../arm-none-eabi/lib/thumb/v8-m.main+fp/hard\libcr_c.a(alloc.o)
 .debug_info    0x000101c8       0x44 C:/nxp/MCUXpressoIDE_25.6.136/ide/plugins/com.nxp.mcuxpresso.tools.win32_25.6.0.202501151204/tools/bin/../lib/gcc/arm-none-eabi/14.2.1/../../../../arm-none-eabi/lib/thumb/v8-m.main+fp/hard\libcr_c.a(errno.o)
 .debug_info    0x0001020c      0x339 C:/nxp/MCUXpressoIDE_25.6.136/ide/plugins/com.nxp.mcuxpresso.tools.win32_25.6.0.202501151204/tools/bin/../lib/gcc/arm-none-eabi/14.2.1/../../../../arm-none-eabi/lib/thumb/v8-m.main+fp/hard\libcr_c.a(initio.o)
 .debug_info    0x00010545      0x1fd C:/nxp/MCUXpressoIDE_25.6.136/ide/plugins/com.nxp.mcuxpresso.tools.win32_25.6.0.202501151204/tools/bin/../lib/gcc/arm-none-eabi/14.2.1/../../../../arm-none-eabi/lib/thumb/v8-m.main+fp/hard\libcr_c.a(setvbuf.o)
 .debug_info    0x00010742       0xe1 C:/nxp/MCUXpressoIDE_25.6.136/ide/plugins/com.nxp.mcuxpresso.tools.win32_25.6.0.202501151204/tools/bin/../lib/gcc/arm-none-eabi/14.2.1/../../../../arm-none-eabi/lib/thumb/v8-m.main+fp/hard\libcr_c.a(strlen.o)
 .debug_info    0x00010823      0x396 C:/nxp/MCUXpressoIDE_25.6.136/ide/plugins/com.nxp.mcuxpresso.tools.win32_25.6.0.202501151204/tools/bin/../lib/gcc/arm-none-eabi/14.2.1/../../../../arm-none-eabi/lib/thumb/v8-m.main+fp/hard\libcr_c.a(_deferredlazyseek.o)
 .debug_info    0x00010bb9      0x24b C:/nxp/MCUXpressoIDE_25.6.136/ide/plugins/com.nxp.mcuxpresso.tools.win32_25.6.0.202501151204/tools/bin/../lib/gcc/arm-none-eabi/14.2.1/../../../../arm-none-eabi/lib/thumb/v8-m.main+fp/hard\libcr_c.a(_fdopen.o)
 .debug_info    0x00010e04      0x1e3 C:/nxp/MCUXpressoIDE_25.6.136/ide/plugins/com.nxp.mcuxpresso.tools.win32_25.6.0.202501151204/tools/bin/../lib/gcc/arm-none-eabi/14.2.1/../../../../arm-none-eabi/lib/thumb/v8-m.main+fp/hard\libcr_c.a(_fflush.o)
 .debug_info    0x00010fe7      0x289 C:/nxp/MCUXpressoIDE_25.6.136/ide/plugins/com.nxp.mcuxpresso.tools.win32_25.6.0.202501151204/tools/bin/../lib/gcc/arm-none-eabi/14.2.1/../../../../arm-none-eabi/lib/thumb/v8-m.main+fp/hard\libcr_c.a(_writebuf.o)
 .debug_info    0x00011270      0x31e C:/nxp/MCUXpressoIDE_25.6.136/ide/plugins/com.nxp.mcuxpresso.tools.win32_25.6.0.202501151204/tools/bin/../lib/gcc/arm-none-eabi/14.2.1/../../../../arm-none-eabi/lib/thumb/v8-m.main+fp/hard\libcr_c.a(fclose.o)
 .debug_info    0x0001158e      0x209 C:/nxp/MCUXpressoIDE_25.6.136/ide/plugins/com.nxp.mcuxpresso.tools.win32_25.6.0.202501151204/tools/bin/../lib/gcc/arm-none-eabi/14.2.1/../../../../arm-none-eabi/lib/thumb/v8-m.main+fp/hard\libcr_c.a(fflush.o)
 .debug_info    0x00011797      0x276 C:/nxp/MCUXpressoIDE_25.6.136/ide/plugins/com.nxp.mcuxpresso.tools.win32_25.6.0.202501151204/tools/bin/../lib/gcc/arm-none-eabi/14.2.1/../../../../arm-none-eabi/lib/thumb/v8-m.main+fp/hard\libcr_c.a(fseek.o)
 .debug_info    0x00011a0d      0x197 C:/nxp/MCUXpressoIDE_25.6.136/ide/plugins/com.nxp.mcuxpresso.tools.win32_25.6.0.202501151204/tools/bin/../lib/gcc/arm-none-eabi/14.2.1/../../../../arm-none-eabi/lib/thumb/v8-m.main+fp/hard\libcr_c.a(ftell.o)
 .debug_info    0x00011ba4      0x1d7 C:/nxp/MCUXpressoIDE_25.6.136/ide/plugins/com.nxp.mcuxpresso.tools.win32_25.6.0.202501151204/tools/bin/../lib/gcc/arm-none-eabi/14.2.1/../../../../arm-none-eabi/lib/thumb/v8-m.main+fp/hard\libcr_c.a(remove.o)
 .debug_info    0x00011d7b      0x23a C:/nxp/MCUXpressoIDE_25.6.136/ide/plugins/com.nxp.mcuxpresso.tools.win32_25.6.0.202501151204/tools/bin/../lib/gcc/arm-none-eabi/14.2.1/../../../../arm-none-eabi/lib/thumb/v8-m.main+fp/hard\libcr_c.a(_do_fflush.o)
 .debug_info    0x00011fb5      0x18b C:/nxp/MCUXpressoIDE_25.6.136/ide/plugins/com.nxp.mcuxpresso.tools.win32_25.6.0.202501151204/tools/bin/../lib/gcc/arm-none-eabi/14.2.1/../../../../arm-none-eabi/lib/thumb/v8-m.main+fp/hard\libcr_nohost_nf.a(__ciob.o)
 .debug_info    0x00012140       0x6a C:/nxp/MCUXpressoIDE_25.6.136/ide/plugins/com.nxp.mcuxpresso.tools.win32_25.6.0.202501151204/tools/bin/../lib/gcc/arm-none-eabi/14.2.1/../../../../arm-none-eabi/lib/thumb/v8-m.main+fp/hard\libcr_nohost_nf.a(__sys_close.o)
 .debug_info    0x000121aa       0x6a C:/nxp/MCUXpressoIDE_25.6.136/ide/plugins/com.nxp.mcuxpresso.tools.win32_25.6.0.202501151204/tools/bin/../lib/gcc/arm-none-eabi/14.2.1/../../../../arm-none-eabi/lib/thumb/v8-m.main+fp/hard\libcr_nohost_nf.a(__sys_flen.o)
 .debug_info    0x00012214       0x6a C:/nxp/MCUXpressoIDE_25.6.136/ide/plugins/com.nxp.mcuxpresso.tools.win32_25.6.0.202501151204/tools/bin/../lib/gcc/arm-none-eabi/14.2.1/../../../../arm-none-eabi/lib/thumb/v8-m.main+fp/hard\libcr_nohost_nf.a(__sys_istty.o)
 .debug_info    0x0001227e       0x8a C:/nxp/MCUXpressoIDE_25.6.136/ide/plugins/com.nxp.mcuxpresso.tools.win32_25.6.0.202501151204/tools/bin/../lib/gcc/arm-none-eabi/14.2.1/../../../../arm-none-eabi/lib/thumb/v8-m.main+fp/hard\libcr_nohost_nf.a(__sys_remove.o)
 .debug_info    0x00012308       0x78 C:/nxp/MCUXpressoIDE_25.6.136/ide/plugins/com.nxp.mcuxpresso.tools.win32_25.6.0.202501151204/tools/bin/../lib/gcc/arm-none-eabi/14.2.1/../../../../arm-none-eabi/lib/thumb/v8-m.main+fp/hard\libcr_nohost_nf.a(__sys_seek.o)
 .debug_info    0x00012380       0x93 C:/nxp/MCUXpressoIDE_25.6.136/ide/plugins/com.nxp.mcuxpresso.tools.win32_25.6.0.202501151204/tools/bin/../lib/gcc/arm-none-eabi/14.2.1/../../../../arm-none-eabi/lib/thumb/v8-m.main+fp/hard\libcr_nohost_nf.a(__sys_tmpnam.o)
 .debug_info    0x00012413       0x93 C:/nxp/MCUXpressoIDE_25.6.136/ide/plugins/com.nxp.mcuxpresso.tools.win32_25.6.0.202501151204/tools/bin/../lib/gcc/arm-none-eabi/14.2.1/../../../../arm-none-eabi/lib/thumb/v8-m.main+fp/hard\libcr_nohost_nf.a(__sys_write.o)

.debug_abbrev   0x00000000     0x376a
 .debug_abbrev  0x00000000      0x270 ./utilities/str/fsl_str.o
 .debug_abbrev  0x00000270      0x270 ./utilities/debug_console/fsl_debug_console.o
 .debug_abbrev  0x000004e0      0x114 ./utilities/fsl_assert.o
 .debug_abbrev  0x000005f4      0x147 ./startup/startup_mcxa156.o
 .debug_abbrev  0x0000073b      0x188 ./source/MCXA156_Potentiometer.o
 .debug_abbrev  0x000008c3       0x31 ./source/semihost_hardfault.o
 .debug_abbrev  0x000008f4      0x31f ./drivers/fsl_clock.o
 .debug_abbrev  0x00000c13      0x46f ./drivers/fsl_lpuart.o
 .debug_abbrev  0x00001082      0x13d ./drivers/fsl_reset.o
 .debug_abbrev  0x000011bf      0x2d1 ./drivers/fsl_spc.o
 .debug_abbrev  0x00001490      0x1ea ./device/system_MCXA156.o
 .debug_abbrev  0x0000167a      0x1fc ./component/uart/fsl_adapter_lpuart.o
 .debug_abbrev  0x00001876      0x2ad ./component/serial_manager/fsl_component_serial_manager.o
 .debug_abbrev  0x00001b23      0x18c ./component/serial_manager/fsl_component_serial_port_uart.o
 .debug_abbrev  0x00001caf      0x204 ./board/clock_config.o
 .debug_abbrev  0x00001eb3      0x252 ./board/pin_mux.o
 .debug_abbrev  0x00002105       0x70 C:/nxp/MCUXpressoIDE_25.6.136/ide/plugins/com.nxp.mcuxpresso.tools.win32_25.6.0.202501151204/tools/bin/../lib/gcc/arm-none-eabi/14.2.1/../../../../arm-none-eabi/lib/thumb/v8-m.main+fp/hard\libcr_nohost_nf.a(_cr__main.o)
 .debug_abbrev  0x00002175       0xb6 C:/nxp/MCUXpressoIDE_25.6.136/ide/plugins/com.nxp.mcuxpresso.tools.win32_25.6.0.202501151204/tools/bin/../lib/gcc/arm-none-eabi/14.2.1/../../../../arm-none-eabi/lib/thumb/v8-m.main+fp/hard\libcr_c.a(memcpy.o)
 .debug_abbrev  0x0000222b       0xa8 C:/nxp/MCUXpressoIDE_25.6.136/ide/plugins/com.nxp.mcuxpresso.tools.win32_25.6.0.202501151204/tools/bin/../lib/gcc/arm-none-eabi/14.2.1/../../../../arm-none-eabi/lib/thumb/v8-m.main+fp/hard\libcr_c.a(memset.o)
 .debug_abbrev  0x000022d3      0x284 C:/nxp/MCUXpressoIDE_25.6.136/ide/plugins/com.nxp.mcuxpresso.tools.win32_25.6.0.202501151204/tools/bin/../lib/gcc/arm-none-eabi/14.2.1/../../../../arm-none-eabi/lib/thumb/v8-m.main+fp/hard\libcr_c.a(alloc.o)
 .debug_abbrev  0x00002557       0x44 C:/nxp/MCUXpressoIDE_25.6.136/ide/plugins/com.nxp.mcuxpresso.tools.win32_25.6.0.202501151204/tools/bin/../lib/gcc/arm-none-eabi/14.2.1/../../../../arm-none-eabi/lib/thumb/v8-m.main+fp/hard\libcr_c.a(errno.o)
 .debug_abbrev  0x0000259b      0x169 C:/nxp/MCUXpressoIDE_25.6.136/ide/plugins/com.nxp.mcuxpresso.tools.win32_25.6.0.202501151204/tools/bin/../lib/gcc/arm-none-eabi/14.2.1/../../../../arm-none-eabi/lib/thumb/v8-m.main+fp/hard\libcr_c.a(initio.o)
 .debug_abbrev  0x00002704       0xe1 C:/nxp/MCUXpressoIDE_25.6.136/ide/plugins/com.nxp.mcuxpresso.tools.win32_25.6.0.202501151204/tools/bin/../lib/gcc/arm-none-eabi/14.2.1/../../../../arm-none-eabi/lib/thumb/v8-m.main+fp/hard\libcr_c.a(setvbuf.o)
 .debug_abbrev  0x000027e5       0xa7 C:/nxp/MCUXpressoIDE_25.6.136/ide/plugins/com.nxp.mcuxpresso.tools.win32_25.6.0.202501151204/tools/bin/../lib/gcc/arm-none-eabi/14.2.1/../../../../arm-none-eabi/lib/thumb/v8-m.main+fp/hard\libcr_c.a(strlen.o)
 .debug_abbrev  0x0000288c      0x18e C:/nxp/MCUXpressoIDE_25.6.136/ide/plugins/com.nxp.mcuxpresso.tools.win32_25.6.0.202501151204/tools/bin/../lib/gcc/arm-none-eabi/14.2.1/../../../../arm-none-eabi/lib/thumb/v8-m.main+fp/hard\libcr_c.a(_deferredlazyseek.o)
 .debug_abbrev  0x00002a1a      0x119 C:/nxp/MCUXpressoIDE_25.6.136/ide/plugins/com.nxp.mcuxpresso.tools.win32_25.6.0.202501151204/tools/bin/../lib/gcc/arm-none-eabi/14.2.1/../../../../arm-none-eabi/lib/thumb/v8-m.main+fp/hard\libcr_c.a(_fdopen.o)
 .debug_abbrev  0x00002b33       0xf1 C:/nxp/MCUXpressoIDE_25.6.136/ide/plugins/com.nxp.mcuxpresso.tools.win32_25.6.0.202501151204/tools/bin/../lib/gcc/arm-none-eabi/14.2.1/../../../../arm-none-eabi/lib/thumb/v8-m.main+fp/hard\libcr_c.a(_fflush.o)
 .debug_abbrev  0x00002c24      0x126 C:/nxp/MCUXpressoIDE_25.6.136/ide/plugins/com.nxp.mcuxpresso.tools.win32_25.6.0.202501151204/tools/bin/../lib/gcc/arm-none-eabi/14.2.1/../../../../arm-none-eabi/lib/thumb/v8-m.main+fp/hard\libcr_c.a(_writebuf.o)
 .debug_abbrev  0x00002d4a      0x158 C:/nxp/MCUXpressoIDE_25.6.136/ide/plugins/com.nxp.mcuxpresso.tools.win32_25.6.0.202501151204/tools/bin/../lib/gcc/arm-none-eabi/14.2.1/../../../../arm-none-eabi/lib/thumb/v8-m.main+fp/hard\libcr_c.a(fclose.o)
 .debug_abbrev  0x00002ea2      0x125 C:/nxp/MCUXpressoIDE_25.6.136/ide/plugins/com.nxp.mcuxpresso.tools.win32_25.6.0.202501151204/tools/bin/../lib/gcc/arm-none-eabi/14.2.1/../../../../arm-none-eabi/lib/thumb/v8-m.main+fp/hard\libcr_c.a(fflush.o)
 .debug_abbrev  0x00002fc7      0x11b C:/nxp/MCUXpressoIDE_25.6.136/ide/plugins/com.nxp.mcuxpresso.tools.win32_25.6.0.202501151204/tools/bin/../lib/gcc/arm-none-eabi/14.2.1/../../../../arm-none-eabi/lib/thumb/v8-m.main+fp/hard\libcr_c.a(fseek.o)
 .debug_abbrev  0x000030e2       0xc2 C:/nxp/MCUXpressoIDE_25.6.136/ide/plugins/com.nxp.mcuxpresso.tools.win32_25.6.0.202501151204/tools/bin/../lib/gcc/arm-none-eabi/14.2.1/../../../../arm-none-eabi/lib/thumb/v8-m.main+fp/hard\libcr_c.a(ftell.o)
 .debug_abbrev  0x000031a4       0xfb C:/nxp/MCUXpressoIDE_25.6.136/ide/plugins/com.nxp.mcuxpresso.tools.win32_25.6.0.202501151204/tools/bin/../lib/gcc/arm-none-eabi/14.2.1/../../../../arm-none-eabi/lib/thumb/v8-m.main+fp/hard\libcr_c.a(remove.o)
 .debug_abbrev  0x0000329f      0x12c C:/nxp/MCUXpressoIDE_25.6.136/ide/plugins/com.nxp.mcuxpresso.tools.win32_25.6.0.202501151204/tools/bin/../lib/gcc/arm-none-eabi/14.2.1/../../../../arm-none-eabi/lib/thumb/v8-m.main+fp/hard\libcr_c.a(_do_fflush.o)
 .debug_abbrev  0x000033cb       0xb5 C:/nxp/MCUXpressoIDE_25.6.136/ide/plugins/com.nxp.mcuxpresso.tools.win32_25.6.0.202501151204/tools/bin/../lib/gcc/arm-none-eabi/14.2.1/../../../../arm-none-eabi/lib/thumb/v8-m.main+fp/hard\libcr_nohost_nf.a(__ciob.o)
 .debug_abbrev  0x00003480       0x5c C:/nxp/MCUXpressoIDE_25.6.136/ide/plugins/com.nxp.mcuxpresso.tools.win32_25.6.0.202501151204/tools/bin/../lib/gcc/arm-none-eabi/14.2.1/../../../../arm-none-eabi/lib/thumb/v8-m.main+fp/hard\libcr_nohost_nf.a(__sys_close.o)
 .debug_abbrev  0x000034dc       0x5c C:/nxp/MCUXpressoIDE_25.6.136/ide/plugins/com.nxp.mcuxpresso.tools.win32_25.6.0.202501151204/tools/bin/../lib/gcc/arm-none-eabi/14.2.1/../../../../arm-none-eabi/lib/thumb/v8-m.main+fp/hard\libcr_nohost_nf.a(__sys_flen.o)
 .debug_abbrev  0x00003538       0x5c C:/nxp/MCUXpressoIDE_25.6.136/ide/plugins/com.nxp.mcuxpresso.tools.win32_25.6.0.202501151204/tools/bin/../lib/gcc/arm-none-eabi/14.2.1/../../../../arm-none-eabi/lib/thumb/v8-m.main+fp/hard\libcr_nohost_nf.a(__sys_istty.o)
 .debug_abbrev  0x00003594       0x7d C:/nxp/MCUXpressoIDE_25.6.136/ide/plugins/com.nxp.mcuxpresso.tools.win32_25.6.0.202501151204/tools/bin/../lib/gcc/arm-none-eabi/14.2.1/../../../../arm-none-eabi/lib/thumb/v8-m.main+fp/hard\libcr_nohost_nf.a(__sys_remove.o)
 .debug_abbrev  0x00003611       0x6d C:/nxp/MCUXpressoIDE_25.6.136/ide/plugins/com.nxp.mcuxpresso.tools.win32_25.6.0.202501151204/tools/bin/../lib/gcc/arm-none-eabi/14.2.1/../../../../arm-none-eabi/lib/thumb/v8-m.main+fp/hard\libcr_nohost_nf.a(__sys_seek.o)
 .debug_abbrev  0x0000367e       0x76 C:/nxp/MCUXpressoIDE_25.6.136/ide/plugins/com.nxp.mcuxpresso.tools.win32_25.6.0.202501151204/tools/bin/../lib/gcc/arm-none-eabi/14.2.1/../../../../arm-none-eabi/lib/thumb/v8-m.main+fp/hard\libcr_nohost_nf.a(__sys_tmpnam.o)
 .debug_abbrev  0x000036f4       0x76 C:/nxp/MCUXpressoIDE_25.6.136/ide/plugins/com.nxp.mcuxpresso.tools.win32_25.6.0.202501151204/tools/bin/../lib/gcc/arm-none-eabi/14.2.1/../../../../arm-none-eabi/lib/thumb/v8-m.main+fp/hard\libcr_nohost_nf.a(__sys_write.o)

.debug_aranges  0x00000000      0xf20
 .debug_aranges
                0x00000000       0xe8 ./utilities/str/fsl_str.o
 .debug_aranges
                0x000000e8       0xa8 ./utilities/debug_console/fsl_debug_console.o
 .debug_aranges
                0x00000190       0x28 ./utilities/fsl_assert.o
 .debug_aranges
                0x000001b8      0x350 ./startup/startup_mcxa156.o
 .debug_aranges
                0x00000508       0x20 ./source/MCXA156_Potentiometer.o
 .debug_aranges
                0x00000528       0x20 ./source/semihost_hardfault.o
 .debug_aranges
                0x00000548      0x178 ./drivers/fsl_clock.o
 .debug_aranges
                0x000006c0      0x1b8 ./drivers/fsl_lpuart.o
 .debug_aranges
                0x00000878       0x30 ./drivers/fsl_reset.o
 .debug_aranges
                0x000008a8      0x118 ./drivers/fsl_spc.o
 .debug_aranges
                0x000009c0       0x30 ./device/system_MCXA156.o
 .debug_aranges
                0x000009f0       0x58 ./component/uart/fsl_adapter_lpuart.o
 .debug_aranges
                0x00000a48       0xa0 ./component/serial_manager/fsl_component_serial_manager.o
 .debug_aranges
                0x00000ae8       0x48 ./component/serial_manager/fsl_component_serial_port_uart.o
 .debug_aranges
                0x00000b30       0x48 ./board/clock_config.o
 .debug_aranges
                0x00000b78       0x40 ./board/pin_mux.o
 .debug_aranges
                0x00000bb8       0x20 C:/nxp/MCUXpressoIDE_25.6.136/ide/plugins/com.nxp.mcuxpresso.tools.win32_25.6.0.202501151204/tools/bin/../lib/gcc/arm-none-eabi/14.2.1/../../../../arm-none-eabi/lib/thumb/v8-m.main+fp/hard\libcr_nohost_nf.a(_cr__main.o)
 .debug_aranges
                0x00000bd8       0x20 C:/nxp/MCUXpressoIDE_25.6.136/ide/plugins/com.nxp.mcuxpresso.tools.win32_25.6.0.202501151204/tools/bin/../lib/gcc/arm-none-eabi/14.2.1/../../../../arm-none-eabi/lib/thumb/v8-m.main+fp/hard\libcr_c.a(memcpy.o)
 .debug_aranges
                0x00000bf8       0x20 C:/nxp/MCUXpressoIDE_25.6.136/ide/plugins/com.nxp.mcuxpresso.tools.win32_25.6.0.202501151204/tools/bin/../lib/gcc/arm-none-eabi/14.2.1/../../../../arm-none-eabi/lib/thumb/v8-m.main+fp/hard\libcr_c.a(memset.o)
 .debug_aranges
                0x00000c18       0x40 C:/nxp/MCUXpressoIDE_25.6.136/ide/plugins/com.nxp.mcuxpresso.tools.win32_25.6.0.202501151204/tools/bin/../lib/gcc/arm-none-eabi/14.2.1/../../../../arm-none-eabi/lib/thumb/v8-m.main+fp/hard\libcr_c.a(alloc.o)
 .debug_aranges
                0x00000c58       0x18 C:/nxp/MCUXpressoIDE_25.6.136/ide/plugins/com.nxp.mcuxpresso.tools.win32_25.6.0.202501151204/tools/bin/../lib/gcc/arm-none-eabi/14.2.1/../../../../arm-none-eabi/lib/thumb/v8-m.main+fp/hard\libcr_c.a(errno.o)
 .debug_aranges
                0x00000c70       0x28 C:/nxp/MCUXpressoIDE_25.6.136/ide/plugins/com.nxp.mcuxpresso.tools.win32_25.6.0.202501151204/tools/bin/../lib/gcc/arm-none-eabi/14.2.1/../../../../arm-none-eabi/lib/thumb/v8-m.main+fp/hard\libcr_c.a(initio.o)
 .debug_aranges
                0x00000c98       0x20 C:/nxp/MCUXpressoIDE_25.6.136/ide/plugins/com.nxp.mcuxpresso.tools.win32_25.6.0.202501151204/tools/bin/../lib/gcc/arm-none-eabi/14.2.1/../../../../arm-none-eabi/lib/thumb/v8-m.main+fp/hard\libcr_c.a(setvbuf.o)
 .debug_aranges
                0x00000cb8       0x20 C:/nxp/MCUXpressoIDE_25.6.136/ide/plugins/com.nxp.mcuxpresso.tools.win32_25.6.0.202501151204/tools/bin/../lib/gcc/arm-none-eabi/14.2.1/../../../../arm-none-eabi/lib/thumb/v8-m.main+fp/hard\libcr_c.a(strlen.o)
 .debug_aranges
                0x00000cd8       0x28 C:/nxp/MCUXpressoIDE_25.6.136/ide/plugins/com.nxp.mcuxpresso.tools.win32_25.6.0.202501151204/tools/bin/../lib/gcc/arm-none-eabi/14.2.1/../../../../arm-none-eabi/lib/thumb/v8-m.main+fp/hard\libcr_c.a(_deferredlazyseek.o)
 .debug_aranges
                0x00000d00       0x20 C:/nxp/MCUXpressoIDE_25.6.136/ide/plugins/com.nxp.mcuxpresso.tools.win32_25.6.0.202501151204/tools/bin/../lib/gcc/arm-none-eabi/14.2.1/../../../../arm-none-eabi/lib/thumb/v8-m.main+fp/hard\libcr_c.a(_fdopen.o)
 .debug_aranges
                0x00000d20       0x20 C:/nxp/MCUXpressoIDE_25.6.136/ide/plugins/com.nxp.mcuxpresso.tools.win32_25.6.0.202501151204/tools/bin/../lib/gcc/arm-none-eabi/14.2.1/../../../../arm-none-eabi/lib/thumb/v8-m.main+fp/hard\libcr_c.a(_fflush.o)
 .debug_aranges
                0x00000d40       0x20 C:/nxp/MCUXpressoIDE_25.6.136/ide/plugins/com.nxp.mcuxpresso.tools.win32_25.6.0.202501151204/tools/bin/../lib/gcc/arm-none-eabi/14.2.1/../../../../arm-none-eabi/lib/thumb/v8-m.main+fp/hard\libcr_c.a(_writebuf.o)
 .debug_aranges
                0x00000d60       0x20 C:/nxp/MCUXpressoIDE_25.6.136/ide/plugins/com.nxp.mcuxpresso.tools.win32_25.6.0.202501151204/tools/bin/../lib/gcc/arm-none-eabi/14.2.1/../../../../arm-none-eabi/lib/thumb/v8-m.main+fp/hard\libcr_c.a(fclose.o)
 .debug_aranges
                0x00000d80       0x20 C:/nxp/MCUXpressoIDE_25.6.136/ide/plugins/com.nxp.mcuxpresso.tools.win32_25.6.0.202501151204/tools/bin/../lib/gcc/arm-none-eabi/14.2.1/../../../../arm-none-eabi/lib/thumb/v8-m.main+fp/hard\libcr_c.a(fflush.o)
 .debug_aranges
                0x00000da0       0x20 C:/nxp/MCUXpressoIDE_25.6.136/ide/plugins/com.nxp.mcuxpresso.tools.win32_25.6.0.202501151204/tools/bin/../lib/gcc/arm-none-eabi/14.2.1/../../../../arm-none-eabi/lib/thumb/v8-m.main+fp/hard\libcr_c.a(fseek.o)
 .debug_aranges
                0x00000dc0       0x20 C:/nxp/MCUXpressoIDE_25.6.136/ide/plugins/com.nxp.mcuxpresso.tools.win32_25.6.0.202501151204/tools/bin/../lib/gcc/arm-none-eabi/14.2.1/../../../../arm-none-eabi/lib/thumb/v8-m.main+fp/hard\libcr_c.a(ftell.o)
 .debug_aranges
                0x00000de0       0x28 C:/nxp/MCUXpressoIDE_25.6.136/ide/plugins/com.nxp.mcuxpresso.tools.win32_25.6.0.202501151204/tools/bin/../lib/gcc/arm-none-eabi/14.2.1/../../../../arm-none-eabi/lib/thumb/v8-m.main+fp/hard\libcr_c.a(remove.o)
 .debug_aranges
                0x00000e08       0x20 C:/nxp/MCUXpressoIDE_25.6.136/ide/plugins/com.nxp.mcuxpresso.tools.win32_25.6.0.202501151204/tools/bin/../lib/gcc/arm-none-eabi/14.2.1/../../../../arm-none-eabi/lib/thumb/v8-m.main+fp/hard\libcr_c.a(_do_fflush.o)
 .debug_aranges
                0x00000e28       0x18 C:/nxp/MCUXpressoIDE_25.6.136/ide/plugins/com.nxp.mcuxpresso.tools.win32_25.6.0.202501151204/tools/bin/../lib/gcc/arm-none-eabi/14.2.1/../../../../arm-none-eabi/lib/thumb/v8-m.main+fp/hard\libcr_nohost_nf.a(__ciob.o)
 .debug_aranges
                0x00000e40       0x20 C:/nxp/MCUXpressoIDE_25.6.136/ide/plugins/com.nxp.mcuxpresso.tools.win32_25.6.0.202501151204/tools/bin/../lib/gcc/arm-none-eabi/14.2.1/../../../../arm-none-eabi/lib/thumb/v8-m.main+fp/hard\libcr_nohost_nf.a(__sys_close.o)
 .debug_aranges
                0x00000e60       0x20 C:/nxp/MCUXpressoIDE_25.6.136/ide/plugins/com.nxp.mcuxpresso.tools.win32_25.6.0.202501151204/tools/bin/../lib/gcc/arm-none-eabi/14.2.1/../../../../arm-none-eabi/lib/thumb/v8-m.main+fp/hard\libcr_nohost_nf.a(__sys_flen.o)
 .debug_aranges
                0x00000e80       0x20 C:/nxp/MCUXpressoIDE_25.6.136/ide/plugins/com.nxp.mcuxpresso.tools.win32_25.6.0.202501151204/tools/bin/../lib/gcc/arm-none-eabi/14.2.1/../../../../arm-none-eabi/lib/thumb/v8-m.main+fp/hard\libcr_nohost_nf.a(__sys_istty.o)
 .debug_aranges
                0x00000ea0       0x20 C:/nxp/MCUXpressoIDE_25.6.136/ide/plugins/com.nxp.mcuxpresso.tools.win32_25.6.0.202501151204/tools/bin/../lib/gcc/arm-none-eabi/14.2.1/../../../../arm-none-eabi/lib/thumb/v8-m.main+fp/hard\libcr_nohost_nf.a(__sys_remove.o)
 .debug_aranges
                0x00000ec0       0x20 C:/nxp/MCUXpressoIDE_25.6.136/ide/plugins/com.nxp.mcuxpresso.tools.win32_25.6.0.202501151204/tools/bin/../lib/gcc/arm-none-eabi/14.2.1/../../../../arm-none-eabi/lib/thumb/v8-m.main+fp/hard\libcr_nohost_nf.a(__sys_seek.o)
 .debug_aranges
                0x00000ee0       0x20 C:/nxp/MCUXpressoIDE_25.6.136/ide/plugins/com.nxp.mcuxpresso.tools.win32_25.6.0.202501151204/tools/bin/../lib/gcc/arm-none-eabi/14.2.1/../../../../arm-none-eabi/lib/thumb/v8-m.main+fp/hard\libcr_nohost_nf.a(__sys_tmpnam.o)
 .debug_aranges
                0x00000f00       0x20 C:/nxp/MCUXpressoIDE_25.6.136/ide/plugins/com.nxp.mcuxpresso.tools.win32_25.6.0.202501151204/tools/bin/../lib/gcc/arm-none-eabi/14.2.1/../../../../arm-none-eabi/lib/thumb/v8-m.main+fp/hard\libcr_nohost_nf.a(__sys_write.o)

.debug_ranges   0x00000000      0xd00
 .debug_ranges  0x00000000      0x108 ./utilities/str/fsl_str.o
 .debug_ranges  0x00000108       0x98 ./utilities/debug_console/fsl_debug_console.o
 .debug_ranges  0x000001a0       0x18 ./utilities/fsl_assert.o
 .debug_ranges  0x000001b8      0x340 ./startup/startup_mcxa156.o
 .debug_ranges  0x000004f8       0x10 ./source/MCXA156_Potentiometer.o
 .debug_ranges  0x00000508       0x10 ./source/semihost_hardfault.o
 .debug_ranges  0x00000518      0x168 ./drivers/fsl_clock.o
 .debug_ranges  0x00000680      0x1a8 ./drivers/fsl_lpuart.o
 .debug_ranges  0x00000828       0x20 ./drivers/fsl_reset.o
 .debug_ranges  0x00000848      0x108 ./drivers/fsl_spc.o
 .debug_ranges  0x00000950       0x20 ./device/system_MCXA156.o
 .debug_ranges  0x00000970       0x48 ./component/uart/fsl_adapter_lpuart.o
 .debug_ranges  0x000009b8       0x90 ./component/serial_manager/fsl_component_serial_manager.o
 .debug_ranges  0x00000a48       0x38 ./component/serial_manager/fsl_component_serial_port_uart.o
 .debug_ranges  0x00000a80       0x38 ./board/clock_config.o
 .debug_ranges  0x00000ab8       0x30 ./board/pin_mux.o
 .debug_ranges  0x00000ae8       0x10 C:/nxp/MCUXpressoIDE_25.6.136/ide/plugins/com.nxp.mcuxpresso.tools.win32_25.6.0.202501151204/tools/bin/../lib/gcc/arm-none-eabi/14.2.1/../../../../arm-none-eabi/lib/thumb/v8-m.main+fp/hard\libcr_nohost_nf.a(_cr__main.o)
 .debug_ranges  0x00000af8       0x10 C:/nxp/MCUXpressoIDE_25.6.136/ide/plugins/com.nxp.mcuxpresso.tools.win32_25.6.0.202501151204/tools/bin/../lib/gcc/arm-none-eabi/14.2.1/../../../../arm-none-eabi/lib/thumb/v8-m.main+fp/hard\libcr_c.a(memcpy.o)
 .debug_ranges  0x00000b08       0x10 C:/nxp/MCUXpressoIDE_25.6.136/ide/plugins/com.nxp.mcuxpresso.tools.win32_25.6.0.202501151204/tools/bin/../lib/gcc/arm-none-eabi/14.2.1/../../../../arm-none-eabi/lib/thumb/v8-m.main+fp/hard\libcr_c.a(memset.o)
 .debug_ranges  0x00000b18       0x48 C:/nxp/MCUXpressoIDE_25.6.136/ide/plugins/com.nxp.mcuxpresso.tools.win32_25.6.0.202501151204/tools/bin/../lib/gcc/arm-none-eabi/14.2.1/../../../../arm-none-eabi/lib/thumb/v8-m.main+fp/hard\libcr_c.a(alloc.o)
 .debug_ranges  0x00000b60       0x18 C:/nxp/MCUXpressoIDE_25.6.136/ide/plugins/com.nxp.mcuxpresso.tools.win32_25.6.0.202501151204/tools/bin/../lib/gcc/arm-none-eabi/14.2.1/../../../../arm-none-eabi/lib/thumb/v8-m.main+fp/hard\libcr_c.a(initio.o)
 .debug_ranges  0x00000b78       0x10 C:/nxp/MCUXpressoIDE_25.6.136/ide/plugins/com.nxp.mcuxpresso.tools.win32_25.6.0.202501151204/tools/bin/../lib/gcc/arm-none-eabi/14.2.1/../../../../arm-none-eabi/lib/thumb/v8-m.main+fp/hard\libcr_c.a(setvbuf.o)
 .debug_ranges  0x00000b88       0x10 C:/nxp/MCUXpressoIDE_25.6.136/ide/plugins/com.nxp.mcuxpresso.tools.win32_25.6.0.202501151204/tools/bin/../lib/gcc/arm-none-eabi/14.2.1/../../../../arm-none-eabi/lib/thumb/v8-m.main+fp/hard\libcr_c.a(strlen.o)
 .debug_ranges  0x00000b98       0x30 C:/nxp/MCUXpressoIDE_25.6.136/ide/plugins/com.nxp.mcuxpresso.tools.win32_25.6.0.202501151204/tools/bin/../lib/gcc/arm-none-eabi/14.2.1/../../../../arm-none-eabi/lib/thumb/v8-m.main+fp/hard\libcr_c.a(_deferredlazyseek.o)
 .debug_ranges  0x00000bc8       0x10 C:/nxp/MCUXpressoIDE_25.6.136/ide/plugins/com.nxp.mcuxpresso.tools.win32_25.6.0.202501151204/tools/bin/../lib/gcc/arm-none-eabi/14.2.1/../../../../arm-none-eabi/lib/thumb/v8-m.main+fp/hard\libcr_c.a(_fdopen.o)
 .debug_ranges  0x00000bd8       0x10 C:/nxp/MCUXpressoIDE_25.6.136/ide/plugins/com.nxp.mcuxpresso.tools.win32_25.6.0.202501151204/tools/bin/../lib/gcc/arm-none-eabi/14.2.1/../../../../arm-none-eabi/lib/thumb/v8-m.main+fp/hard\libcr_c.a(_fflush.o)
 .debug_ranges  0x00000be8       0x10 C:/nxp/MCUXpressoIDE_25.6.136/ide/plugins/com.nxp.mcuxpresso.tools.win32_25.6.0.202501151204/tools/bin/../lib/gcc/arm-none-eabi/14.2.1/../../../../arm-none-eabi/lib/thumb/v8-m.main+fp/hard\libcr_c.a(_writebuf.o)
 .debug_ranges  0x00000bf8       0x10 C:/nxp/MCUXpressoIDE_25.6.136/ide/plugins/com.nxp.mcuxpresso.tools.win32_25.6.0.202501151204/tools/bin/../lib/gcc/arm-none-eabi/14.2.1/../../../../arm-none-eabi/lib/thumb/v8-m.main+fp/hard\libcr_c.a(fclose.o)
 .debug_ranges  0x00000c08       0x28 C:/nxp/MCUXpressoIDE_25.6.136/ide/plugins/com.nxp.mcuxpresso.tools.win32_25.6.0.202501151204/tools/bin/../lib/gcc/arm-none-eabi/14.2.1/../../../../arm-none-eabi/lib/thumb/v8-m.main+fp/hard\libcr_c.a(fflush.o)
 .debug_ranges  0x00000c30       0x10 C:/nxp/MCUXpressoIDE_25.6.136/ide/plugins/com.nxp.mcuxpresso.tools.win32_25.6.0.202501151204/tools/bin/../lib/gcc/arm-none-eabi/14.2.1/../../../../arm-none-eabi/lib/thumb/v8-m.main+fp/hard\libcr_c.a(fseek.o)
 .debug_ranges  0x00000c40       0x10 C:/nxp/MCUXpressoIDE_25.6.136/ide/plugins/com.nxp.mcuxpresso.tools.win32_25.6.0.202501151204/tools/bin/../lib/gcc/arm-none-eabi/14.2.1/../../../../arm-none-eabi/lib/thumb/v8-m.main+fp/hard\libcr_c.a(ftell.o)
 .debug_ranges  0x00000c50       0x18 C:/nxp/MCUXpressoIDE_25.6.136/ide/plugins/com.nxp.mcuxpresso.tools.win32_25.6.0.202501151204/tools/bin/../lib/gcc/arm-none-eabi/14.2.1/../../../../arm-none-eabi/lib/thumb/v8-m.main+fp/hard\libcr_c.a(remove.o)
 .debug_ranges  0x00000c68       0x28 C:/nxp/MCUXpressoIDE_25.6.136/ide/plugins/com.nxp.mcuxpresso.tools.win32_25.6.0.202501151204/tools/bin/../lib/gcc/arm-none-eabi/14.2.1/../../../../arm-none-eabi/lib/thumb/v8-m.main+fp/hard\libcr_c.a(_do_fflush.o)
 .debug_ranges  0x00000c90       0x10 C:/nxp/MCUXpressoIDE_25.6.136/ide/plugins/com.nxp.mcuxpresso.tools.win32_25.6.0.202501151204/tools/bin/../lib/gcc/arm-none-eabi/14.2.1/../../../../arm-none-eabi/lib/thumb/v8-m.main+fp/hard\libcr_nohost_nf.a(__sys_close.o)
 .debug_ranges  0x00000ca0       0x10 C:/nxp/MCUXpressoIDE_25.6.136/ide/plugins/com.nxp.mcuxpresso.tools.win32_25.6.0.202501151204/tools/bin/../lib/gcc/arm-none-eabi/14.2.1/../../../../arm-none-eabi/lib/thumb/v8-m.main+fp/hard\libcr_nohost_nf.a(__sys_flen.o)
 .debug_ranges  0x00000cb0       0x10 C:/nxp/MCUXpressoIDE_25.6.136/ide/plugins/com.nxp.mcuxpresso.tools.win32_25.6.0.202501151204/tools/bin/../lib/gcc/arm-none-eabi/14.2.1/../../../../arm-none-eabi/lib/thumb/v8-m.main+fp/hard\libcr_nohost_nf.a(__sys_istty.o)
 .debug_ranges  0x00000cc0       0x10 C:/nxp/MCUXpressoIDE_25.6.136/ide/plugins/com.nxp.mcuxpresso.tools.win32_25.6.0.202501151204/tools/bin/../lib/gcc/arm-none-eabi/14.2.1/../../../../arm-none-eabi/lib/thumb/v8-m.main+fp/hard\libcr_nohost_nf.a(__sys_remove.o)
 .debug_ranges  0x00000cd0       0x10 C:/nxp/MCUXpressoIDE_25.6.136/ide/plugins/com.nxp.mcuxpresso.tools.win32_25.6.0.202501151204/tools/bin/../lib/gcc/arm-none-eabi/14.2.1/../../../../arm-none-eabi/lib/thumb/v8-m.main+fp/hard\libcr_nohost_nf.a(__sys_seek.o)
 .debug_ranges  0x00000ce0       0x10 C:/nxp/MCUXpressoIDE_25.6.136/ide/plugins/com.nxp.mcuxpresso.tools.win32_25.6.0.202501151204/tools/bin/../lib/gcc/arm-none-eabi/14.2.1/../../../../arm-none-eabi/lib/thumb/v8-m.main+fp/hard\libcr_nohost_nf.a(__sys_tmpnam.o)
 .debug_ranges  0x00000cf0       0x10 C:/nxp/MCUXpressoIDE_25.6.136/ide/plugins/com.nxp.mcuxpresso.tools.win32_25.6.0.202501151204/tools/bin/../lib/gcc/arm-none-eabi/14.2.1/../../../../arm-none-eabi/lib/thumb/v8-m.main+fp/hard\libcr_nohost_nf.a(__sys_write.o)

.debug_macro    0x00000000    0x19945
 .debug_macro   0x00000000      0x30d ./utilities/str/fsl_str.o
 .debug_macro   0x0000030d      0xb14 ./utilities/str/fsl_str.o
 .debug_macro   0x00000e21       0x10 ./utilities/str/fsl_str.o
 .debug_macro   0x00000e31       0xc4 ./utilities/str/fsl_str.o
 .debug_macro   0x00000ef5       0x1c ./utilities/str/fsl_str.o
 .debug_macro   0x00000f11      0x12e ./utilities/str/fsl_str.o
 .debug_macro   0x0000103f       0x28 ./utilities/str/fsl_str.o
 .debug_macro   0x00001067      0x1c7 ./utilities/str/fsl_str.o
 .debug_macro   0x0000122e       0x16 ./utilities/str/fsl_str.o
 .debug_macro   0x00001244       0x22 ./utilities/str/fsl_str.o
 .debug_macro   0x00001266      0x5b3 ./utilities/str/fsl_str.o
 .debug_macro   0x00001819       0x46 ./utilities/str/fsl_str.o
 .debug_macro   0x0000185f       0x2e ./utilities/str/fsl_str.o
 .debug_macro   0x0000188d       0x18 ./utilities/str/fsl_str.o
 .debug_macro   0x000018a5       0x58 ./utilities/str/fsl_str.o
 .debug_macro   0x000018fd      0x26d ./utilities/str/fsl_str.o
 .debug_macro   0x00001b6a       0x28 ./utilities/str/fsl_str.o
 .debug_macro   0x00001b92     0x156d ./utilities/str/fsl_str.o
 .debug_macro   0x000030ff       0x2e ./utilities/str/fsl_str.o
 .debug_macro   0x0000312d      0xb03 ./utilities/str/fsl_str.o
 .debug_macro   0x00003c30      0x74a ./utilities/str/fsl_str.o
 .debug_macro   0x0000437a      0x7d9 ./utilities/str/fsl_str.o
 .debug_macro   0x00004b53      0x16e ./utilities/str/fsl_str.o
 .debug_macro   0x00004cc1     0x17fa ./utilities/str/fsl_str.o
 .debug_macro   0x000064bb      0x313 ./utilities/str/fsl_str.o
 .debug_macro   0x000067ce      0x5b0 ./utilities/str/fsl_str.o
 .debug_macro   0x00006d7e      0x256 ./utilities/str/fsl_str.o
 .debug_macro   0x00006fd4      0x532 ./utilities/str/fsl_str.o
 .debug_macro   0x00007506       0xc7 ./utilities/str/fsl_str.o
 .debug_macro   0x000075cd      0x795 ./utilities/str/fsl_str.o
 .debug_macro   0x00007d62       0x6a ./utilities/str/fsl_str.o
 .debug_macro   0x00007dcc      0x83e ./utilities/str/fsl_str.o
 .debug_macro   0x0000860a      0x10c ./utilities/str/fsl_str.o
 .debug_macro   0x00008716      0x66c ./utilities/str/fsl_str.o
 .debug_macro   0x00008d82       0x49 ./utilities/str/fsl_str.o
 .debug_macro   0x00008dcb      0x1f3 ./utilities/str/fsl_str.o
 .debug_macro   0x00008fbe     0x1ab3 ./utilities/str/fsl_str.o
 .debug_macro   0x0000aa71      0x1ed ./utilities/str/fsl_str.o
 .debug_macro   0x0000ac5e      0x241 ./utilities/str/fsl_str.o
 .debug_macro   0x0000ae9f     0x1879 ./utilities/str/fsl_str.o
 .debug_macro   0x0000c718     0x1684 ./utilities/str/fsl_str.o
 .debug_macro   0x0000dd9c      0x62d ./utilities/str/fsl_str.o
 .debug_macro   0x0000e3c9      0x5f2 ./utilities/str/fsl_str.o
 .debug_macro   0x0000e9bb      0x352 ./utilities/str/fsl_str.o
 .debug_macro   0x0000ed0d      0xc19 ./utilities/str/fsl_str.o
 .debug_macro   0x0000f926      0x6bb ./utilities/str/fsl_str.o
 .debug_macro   0x0000ffe1      0x11b ./utilities/str/fsl_str.o
 .debug_macro   0x000100fc      0x964 ./utilities/str/fsl_str.o
 .debug_macro   0x00010a60     0x1a95 ./utilities/str/fsl_str.o
 .debug_macro   0x000124f5      0x184 ./utilities/str/fsl_str.o
 .debug_macro   0x00012679       0xdc ./utilities/str/fsl_str.o
 .debug_macro   0x00012755      0x47e ./utilities/str/fsl_str.o
 .debug_macro   0x00012bd3      0xaab ./utilities/str/fsl_str.o
 .debug_macro   0x0001367e      0x76c ./utilities/str/fsl_str.o
 .debug_macro   0x00013dea      0x469 ./utilities/str/fsl_str.o
 .debug_macro   0x00014253      0x72d ./utilities/str/fsl_str.o
 .debug_macro   0x00014980      0x5b6 ./utilities/str/fsl_str.o
 .debug_macro   0x00014f36      0x994 ./utilities/str/fsl_str.o
 .debug_macro   0x000158ca      0x18a ./utilities/str/fsl_str.o
 .debug_macro   0x00015a54       0xbf ./utilities/str/fsl_str.o
 .debug_macro   0x00015b13       0x73 ./utilities/str/fsl_str.o
 .debug_macro   0x00015b86      0xc82 ./utilities/str/fsl_str.o
 .debug_macro   0x00016808       0xf1 ./utilities/str/fsl_str.o
 .debug_macro   0x000168f9      0x11b ./utilities/str/fsl_str.o
 .debug_macro   0x00016a14      0x103 ./utilities/str/fsl_str.o
 .debug_macro   0x00016b17      0x100 ./utilities/str/fsl_str.o
 .debug_macro   0x00016c17       0xa9 ./utilities/str/fsl_str.o
 .debug_macro   0x00016cc0       0x16 ./utilities/str/fsl_str.o
 .debug_macro   0x00016cd6      0x38b ./utilities/debug_console/fsl_debug_console.o
 .debug_macro   0x00017061       0x16 ./utilities/debug_console/fsl_debug_console.o
 .debug_macro   0x00017077       0x10 ./utilities/debug_console/fsl_debug_console.o
 .debug_macro   0x00017087       0x3c ./utilities/debug_console/fsl_debug_console.o
 .debug_macro   0x000170c3       0x1c ./utilities/debug_console/fsl_debug_console.o
 .debug_macro   0x000170df       0x70 ./utilities/debug_console/fsl_debug_console.o
 .debug_macro   0x0001714f       0x47 ./utilities/debug_console/fsl_debug_console.o
 .debug_macro   0x00017196       0x16 ./utilities/debug_console/fsl_debug_console.o
 .debug_macro   0x000171ac       0x6d ./utilities/debug_console/fsl_debug_console.o
 .debug_macro   0x00017219       0x1c ./utilities/debug_console/fsl_debug_console.o
 .debug_macro   0x00017235       0x1c ./utilities/debug_console/fsl_debug_console.o
 .debug_macro   0x00017251      0x318 ./utilities/fsl_assert.o
 .debug_macro   0x00017569       0x1c ./utilities/fsl_assert.o
 .debug_macro   0x00017585       0x22 ./utilities/fsl_assert.o
 .debug_macro   0x000175a7       0x29 ./startup/startup_mcxa156.o
 .debug_macro   0x000175d0      0x323 ./source/MCXA156_Potentiometer.o
 .debug_macro   0x000178f3       0x23 ./source/MCXA156_Potentiometer.o
 .debug_macro   0x00017916       0x24 ./source/MCXA156_Potentiometer.o
 .debug_macro   0x0001793a      0x100 ./source/MCXA156_Potentiometer.o
 .debug_macro   0x00017a3a       0x16 ./source/MCXA156_Potentiometer.o
 .debug_macro   0x00017a50       0x11 ./source/semihost_hardfault.o
 .debug_macro   0x00017a61      0x2d7 ./drivers/fsl_clock.o
 .debug_macro   0x00017d38      0x2ec ./drivers/fsl_lpuart.o
 .debug_macro   0x00018024       0x10 ./drivers/fsl_lpuart.o
 .debug_macro   0x00018034      0x2e3 ./drivers/fsl_reset.o
 .debug_macro   0x00018317      0x2e6 ./drivers/fsl_spc.o
 .debug_macro   0x000185fd       0x2e ./drivers/fsl_spc.o
 .debug_macro   0x0001862b      0x2db ./device/system_MCXA156.o
 .debug_macro   0x00018906      0x305 ./component/uart/fsl_adapter_lpuart.o
 .debug_macro   0x00018c0b       0x41 ./component/uart/fsl_adapter_lpuart.o
 .debug_macro   0x00018c4c      0x361 ./component/serial_manager/fsl_component_serial_manager.o
 .debug_macro   0x00018fad       0x6a ./component/serial_manager/fsl_component_serial_manager.o
 .debug_macro   0x00019017      0x313 ./component/serial_manager/fsl_component_serial_port_uart.o
 .debug_macro   0x0001932a      0x2ed ./board/clock_config.o
 .debug_macro   0x00019617       0x34 ./board/clock_config.o
 .debug_macro   0x0001964b      0x2e4 ./board/pin_mux.o
 .debug_macro   0x0001992f       0x16 ./board/pin_mux.o

.debug_line     0x00000000     0xd418
 .debug_line    0x00000000     0x105b ./utilities/str/fsl_str.o
 .debug_line    0x0000105b      0xd72 ./utilities/debug_console/fsl_debug_console.o
 .debug_line    0x00001dcd      0x92c ./utilities/fsl_assert.o
 .debug_line    0x000026f9      0xa5d ./startup/startup_mcxa156.o
 .debug_line    0x00003156      0x813 ./source/MCXA156_Potentiometer.o
 .debug_line    0x00003969       0x59 ./source/semihost_hardfault.o
 .debug_line    0x000039c2     0x177b ./drivers/fsl_clock.o
 .debug_line    0x0000513d     0x1a64 ./drivers/fsl_lpuart.o
 .debug_line    0x00006ba1      0x7ed ./drivers/fsl_reset.o
 .debug_line    0x0000738e      0xe55 ./drivers/fsl_spc.o
 .debug_line    0x000081e3      0x87a ./device/system_MCXA156.o
 .debug_line    0x00008a5d      0x954 ./component/uart/fsl_adapter_lpuart.o
 .debug_line    0x000093b1      0xbb2 ./component/serial_manager/fsl_component_serial_manager.o
 .debug_line    0x00009f63      0x969 ./component/serial_manager/fsl_component_serial_port_uart.o
 .debug_line    0x0000a8cc      0x988 ./board/clock_config.o
 .debug_line    0x0000b254      0x84c ./board/pin_mux.o
 .debug_line    0x0000baa0       0xc4 C:/nxp/MCUXpressoIDE_25.6.136/ide/plugins/com.nxp.mcuxpresso.tools.win32_25.6.0.202501151204/tools/bin/../lib/gcc/arm-none-eabi/14.2.1/../../../../arm-none-eabi/lib/thumb/v8-m.main+fp/hard\libcr_nohost_nf.a(_cr__main.o)
 .debug_line    0x0000bb64       0x9b C:/nxp/MCUXpressoIDE_25.6.136/ide/plugins/com.nxp.mcuxpresso.tools.win32_25.6.0.202501151204/tools/bin/../lib/gcc/arm-none-eabi/14.2.1/../../../../arm-none-eabi/lib/thumb/v8-m.main+fp/hard\libcr_c.a(memcpy.o)
 .debug_line    0x0000bbff       0x7b C:/nxp/MCUXpressoIDE_25.6.136/ide/plugins/com.nxp.mcuxpresso.tools.win32_25.6.0.202501151204/tools/bin/../lib/gcc/arm-none-eabi/14.2.1/../../../../arm-none-eabi/lib/thumb/v8-m.main+fp/hard\libcr_c.a(memset.o)
 .debug_line    0x0000bc7a      0x37d C:/nxp/MCUXpressoIDE_25.6.136/ide/plugins/com.nxp.mcuxpresso.tools.win32_25.6.0.202501151204/tools/bin/../lib/gcc/arm-none-eabi/14.2.1/../../../../arm-none-eabi/lib/thumb/v8-m.main+fp/hard\libcr_c.a(alloc.o)
 .debug_line    0x0000bff7       0x4e C:/nxp/MCUXpressoIDE_25.6.136/ide/plugins/com.nxp.mcuxpresso.tools.win32_25.6.0.202501151204/tools/bin/../lib/gcc/arm-none-eabi/14.2.1/../../../../arm-none-eabi/lib/thumb/v8-m.main+fp/hard\libcr_c.a(errno.o)
 .debug_line    0x0000c045      0x149 C:/nxp/MCUXpressoIDE_25.6.136/ide/plugins/com.nxp.mcuxpresso.tools.win32_25.6.0.202501151204/tools/bin/../lib/gcc/arm-none-eabi/14.2.1/../../../../arm-none-eabi/lib/thumb/v8-m.main+fp/hard\libcr_c.a(initio.o)
 .debug_line    0x0000c18e       0xec C:/nxp/MCUXpressoIDE_25.6.136/ide/plugins/com.nxp.mcuxpresso.tools.win32_25.6.0.202501151204/tools/bin/../lib/gcc/arm-none-eabi/14.2.1/../../../../arm-none-eabi/lib/thumb/v8-m.main+fp/hard\libcr_c.a(setvbuf.o)
 .debug_line    0x0000c27a      0x109 C:/nxp/MCUXpressoIDE_25.6.136/ide/plugins/com.nxp.mcuxpresso.tools.win32_25.6.0.202501151204/tools/bin/../lib/gcc/arm-none-eabi/14.2.1/../../../../arm-none-eabi/lib/thumb/v8-m.main+fp/hard\libcr_c.a(strlen.o)