../drivers/fsl_clock.h:786:20:CLOCK_EnableClock	32	static
../drivers/fsl_clock.h:1096:22:CLOCK_IsPLL1Locked	4	static
../drivers/fsl_clock.c:123:20:CLOCK_IsDivHalt	16	static
../drivers/fsl_clock.c:145:6:CLOCK_AttachClk	24	static
../drivers/fsl_clock.c:164:19:CLOCK_GetClockAttachId	32	static
../drivers/fsl_clock.c:184:6:CLOCK_SetClockSelect	24	static
../drivers/fsl_clock.c:209:10:CLOCK_GetClockSelect	24	static
../drivers/fsl_clock.c:228:6:CLOCK_SetClockDiv	24	static
../drivers/fsl_clock.c:253:10:CLOCK_GetClockDiv	24	static
../drivers/fsl_clock.c:269:6:CLOCK_HaltClockDiv	24	static
../drivers/fsl_clock.c:285:10:CLOCK_SetupFROHFClocking	24	static
../drivers/fsl_clock.c:384:10:CLOCK_SetupFRO12MClocking	4	static
../drivers/fsl_clock.c:411:10:CLOCK_SetupFRO16KClocking	16	static
../drivers/fsl_clock.c:428:10:CLOCK_SetupExtClocking	24	static
../drivers/fsl_clock.c:489:10:CLOCK_SetupExtRefClocking	16	static
../drivers/fsl_clock.c:531:10:CLOCK_GetFreq	24	static
../drivers/fsl_clock.c:599:17:CLOCK_GetFro12MFreq	4	static
../drivers/fsl_clock.c:608:17:CLOCK_GetClk1MFreq	4	static
../drivers/fsl_clock.c:617:17:CLOCK_GetFroHfFreq	16	static
../drivers/fsl_clock.c:664:17:CLOCK_GetFroHfDivFreq	8	static
../drivers/fsl_clock.c:673:17:CLOCK_GetFroLfDivFreq	8	static
../drivers/fsl_clock.c:682:17:CLOCK_GetClk45MFreq	4	static
../drivers/fsl_clock.c:697:17:CLOCK_GetFRO16KFreq	4	static
../drivers/fsl_clock.c:705:17:CLOCK_GetClk16KFreq	16	static
../drivers/fsl_clock.c:717:17:CLOCK_GetExtClkFreq	4	static
../drivers/fsl_clock.c:723:10:CLOCK_GetPll1ClkDivFreq	8	static
../drivers/fsl_clock.c:732:10:CLOCK_GetMainClk	16	static
../drivers/fsl_clock.c:764:10:CLOCK_GetCoreSysClkFreq	8	static
../drivers/fsl_clock.c:773:10:CLOCK_GetI3CFClkFreq	24	static
../drivers/fsl_clock.c:813:10:CLOCK_GetCTimerClkFreq	32	static
../drivers/fsl_clock.c:884:10:CLOCK_GetLpi2cClkFreq	32	static
../drivers/fsl_clock.c:948:10:CLOCK_GetLpspiClkFreq	32	static
../drivers/fsl_clock.c:987:10:CLOCK_GetLpuartClkFreq	32	static
../drivers/fsl_clock.c:1061:10:CLOCK_GetLptmrClkFreq	24	static
../drivers/fsl_clock.c:1100:10:CLOCK_GetOstimerClkFreq	16	static
../drivers/fsl_clock.c:1124:10:CLOCK_GetAdcClkFreq	32	static
../drivers/fsl_clock.c:1164:10:CLOCK_GetDacClkFreq	24	static
../drivers/fsl_clock.c:1203:10:CLOCK_GetCmpFClkFreq	32	static
../drivers/fsl_clock.c:1262:10:CLOCK_GetCmpRRClkFreq	32	static
../drivers/fsl_clock.c:1321:10:CLOCK_GetTraceClkFreq	24	static
../drivers/fsl_clock.c:1354:10:CLOCK_GetClkoutClkFreq	24	static
../drivers/fsl_clock.c:1396:10:CLOCK_GetWwdtClkFreq	16	static
../drivers/fsl_clock.c:1414:10:CLOCK_GetFlexioClkFreq	24	static
../drivers/fsl_clock.c:1454:10:CLOCK_GetFlexcanClkFreq	32	static
../drivers/fsl_clock.c:1493:10:CLOCK_FRO12MTrimConfig	16	static
../drivers/fsl_clock.c:1532:6:CLOCK_SetSysOscMonitorMode	24	static
../drivers/fsl_clock.c:1546:6:CLOCK_EnableUsbfsClock	40	static
../drivers/fsl_clock.c:1572:10:CLOCK_SetFLASHAccessCyclesForFreq	24	static
../drivers/fsl_clock.c:1632:10:CLOCK_GetPll1OutFreq	32	static
../drivers/fsl_clock.c:1664:6:CLOCK_SetPll1MonitorMode	24	static
../drivers/fsl_clock.c:1676:10:CLOCK_GetPLL1InClockRate	16	static
../drivers/fsl_clock.c:1704:10:CLOCK_GetPLLOutFromSetup	40	static
../drivers/fsl_clock.c:1732:13:CLOCK_SetupPLLData	24	static
../drivers/fsl_clock.c:1783:13:CLOCK_SetPLL1Freq	40	static
../drivers/fsl_clock.c:1831:13:pllFindSel	32	static
../drivers/fsl_clock.c:1875:17:findPll1PreDiv	16	static
../drivers/fsl_clock.c:1892:17:findPll1PostDiv	16	static
../drivers/fsl_clock.c:1916:14:findPll1MMult	24	static
../drivers/fsl_clock.c:1942:17:FindGreatestCommonDivisor	24	static
../drivers/fsl_clock.c:1968:20:CLOCK_GetPllConfig	32	static
../drivers/fsl_clock.c:2024:20:CLOCK_GetPllConfigInternal	128	static
../drivers/fsl_clock.c:2181:17:CLOCK_GetPLLInClockRateFromSetup	24	static
../drivers/fsl_clock.c:2205:17:findPllPreDivFromSetup	24	static
../drivers/fsl_clock.c:2222:17:findPllPostDivFromSetup	24	static
../drivers/fsl_clock.c:2246:14:findPllMMultFromSetup	32	static
