../drivers/fsl_clock.h:672:20:CLOCK_EnableClock	32	static
../drivers/fsl_clock.h:710:20:CLOCK_DisableClock	32	static
../drivers/fsl_reset.h:240:20:RESET_ReleasePeripheralReset	16	static
../drivers/fsl_lpadc.h:805:20:LPADC_Enable	16	static
../drivers/fsl_lpadc.h:847:20:LPADC_DoResetFIFO	16	static
../drivers/fsl_lpadc.h:860:20:LPADC_DoResetConfig	16	static
../drivers/fsl_lpadc.h:1074:24:LPADC_GetConvResultCount	16	static
../drivers/fsl_lpadc.h:1371:20:LPADC_EnableOffsetCalibration	16	static
../drivers/fsl_lpadc.c:87:17:LPADC_GetInstance	24	static
../drivers/fsl_lpadc.c:121:17:LPADC_GetGainConvResult	120	static
../drivers/fsl_lpadc.c:162:6:LPADC_Init	24	static
../drivers/fsl_lpadc.c:289:6:LPADC_GetDefaultConfig	24	static
../drivers/fsl_lpadc.c:331:6:LPADC_Deinit	16	static
../drivers/fsl_lpadc.c:406:6:LPADC_GetConvResult	24	static
../drivers/fsl_lpadc.c:432:6:LPADC_GetConvResultBlocking	24	static
../drivers/fsl_lpadc.c:461:6:LPADC_SetConvTriggerConfig	32	static
../drivers/fsl_lpadc.c:500:6:LPADC_GetDefaultConvTriggerConfig	16	static
../drivers/fsl_lpadc.c:527:6:LPADC_SetConvCommandConfig	32	static
../drivers/fsl_lpadc.c:641:6:LPADC_GetDefaultConvCommandConfig	16	static
../drivers/fsl_lpadc.c:789:10:LPADC_DoOffsetCalibration	16	static
../drivers/fsl_lpadc.c:816:6:LPADC_DoAutoCalibration	16	static
../drivers/fsl_lpadc.c:833:6:LPADC_PrepareAutoCalibration	16	static
../drivers/fsl_lpadc.c:931:10:LPADC_FinishAutoCalibration	24	static
../drivers/fsl_lpadc.c:1012:6:LPADC_GetCalibrationValue	24	static
../drivers/fsl_lpadc.c:1070:10:LPADC_SetCalibrationValue	24	static
