../startup/startup_mcxa156.c:412:6:data_init	4	static
../startup/startup_mcxa156.c:421:6:bss_init	0	static
../startup/startup_mcxa156.c:446:6:ResetISR	0	static
../startup/startup_mcxa156.c:532:14:NMI_Handler	0	static
../startup/startup_mcxa156.c:536:14:HardFault_Handler	0	static
../startup/startup_mcxa156.c:540:14:MemManage_Handler	0	static
../startup/startup_mcxa156.c:544:14:BusFault_Handler	0	static
../startup/startup_mcxa156.c:548:14:UsageFault_Handler	0	static
../startup/startup_mcxa156.c:552:14:SecureFault_Handler	0	static
../startup/startup_mcxa156.c:556:14:SVC_Handler	0	static
../startup/startup_mcxa156.c:560:14:DebugMon_Handler	0	static
../startup/startup_mcxa156.c:564:14:PendSV_Handler	0	static
../startup/startup_mcxa156.c:568:14:SysTick_Handler	0	static
../startup/startup_mcxa156.c:576:14:IntDefaultHandler	0	static
../startup/startup_mcxa156.c:586:11:Reserved16_IRQHandler	8	static
../startup/startup_mcxa156.c:590:11:CMC_IRQHandler	8	static
../startup/startup_mcxa156.c:594:11:DMA_CH0_IRQHandler	8	static
../startup/startup_mcxa156.c:598:11:DMA_CH1_IRQHandler	8	static
../startup/startup_mcxa156.c:602:11:DMA_CH2_IRQHandler	8	static
../startup/startup_mcxa156.c:606:11:DMA_CH3_IRQHandler	8	static
../startup/startup_mcxa156.c:610:11:DMA_CH4_IRQHandler	8	static
../startup/startup_mcxa156.c:614:11:DMA_CH5_IRQHandler	8	static
../startup/startup_mcxa156.c:618:11:DMA_CH6_IRQHandler	8	static
../startup/startup_mcxa156.c:622:11:DMA_CH7_IRQHandler	8	static
../startup/startup_mcxa156.c:626:11:ERM0_SINGLE_BIT_IRQHandler	8	static
../startup/startup_mcxa156.c:630:11:ERM0_MULTI_BIT_IRQHandler	8	static
../startup/startup_mcxa156.c:634:11:FMU0_IRQHandler	8	static
../startup/startup_mcxa156.c:638:11:GLIKEY0_IRQHandler	8	static
../startup/startup_mcxa156.c:642:11:MBC0_IRQHandler	8	static
../startup/startup_mcxa156.c:646:11:SCG0_IRQHandler	8	static
../startup/startup_mcxa156.c:650:11:SPC0_IRQHandler	8	static
../startup/startup_mcxa156.c:654:11:VBAT0_IRQHandler	8	static
../startup/startup_mcxa156.c:658:11:WUU0_IRQHandler	8	static
../startup/startup_mcxa156.c:662:11:CAN0_IRQHandler	8	static
../startup/startup_mcxa156.c:666:11:Reserved36_IRQHandler	8	static
../startup/startup_mcxa156.c:670:11:Reserved37_IRQHandler	8	static
../startup/startup_mcxa156.c:674:11:Reserved38_IRQHandler	8	static
../startup/startup_mcxa156.c:678:11:FLEXIO_IRQHandler	8	static
../startup/startup_mcxa156.c:682:11:I3C0_IRQHandler	8	static
../startup/startup_mcxa156.c:686:11:Reserved41_IRQHandler	8	static
../startup/startup_mcxa156.c:690:11:LPI2C0_IRQHandler	8	static
../startup/startup_mcxa156.c:694:11:LPI2C1_IRQHandler	8	static
../startup/startup_mcxa156.c:698:11:LPSPI0_IRQHandler	8	static
../startup/startup_mcxa156.c:702:11:LPSPI1_IRQHandler	8	static
../startup/startup_mcxa156.c:706:11:Reserved46_IRQHandler	8	static
../startup/startup_mcxa156.c:710:11:LPUART0_IRQHandler	8	static
../startup/startup_mcxa156.c:714:11:LPUART1_IRQHandler	8	static
../startup/startup_mcxa156.c:718:11:LPUART2_IRQHandler	8	static
../startup/startup_mcxa156.c:722:11:LPUART3_IRQHandler	8	static
../startup/startup_mcxa156.c:726:11:LPUART4_IRQHandler	8	static
../startup/startup_mcxa156.c:730:11:USB0_IRQHandler	8	static
../startup/startup_mcxa156.c:734:11:Reserved53_IRQHandler	8	static
../startup/startup_mcxa156.c:738:11:CDOG0_IRQHandler	8	static
../startup/startup_mcxa156.c:742:11:CTIMER0_IRQHandler	8	static
../startup/startup_mcxa156.c:746:11:CTIMER1_IRQHandler	8	static
../startup/startup_mcxa156.c:750:11:CTIMER2_IRQHandler	8	static
../startup/startup_mcxa156.c:754:11:CTIMER3_IRQHandler	8	static
../startup/startup_mcxa156.c:758:11:CTIMER4_IRQHandler	8	static
../startup/startup_mcxa156.c:762:11:FLEXPWM0_RELOAD_ERROR_IRQHandler	8	static
../startup/startup_mcxa156.c:766:11:FLEXPWM0_FAULT_IRQHandler	8	static
../startup/startup_mcxa156.c:770:11:FLEXPWM0_SUBMODULE0_IRQHandler	8	static
../startup/startup_mcxa156.c:774:11:FLEXPWM0_SUBMODULE1_IRQHandler	8	static
../startup/startup_mcxa156.c:778:11:FLEXPWM0_SUBMODULE2_IRQHandler	8	static
../startup/startup_mcxa156.c:782:11:Reserved65_IRQHandler	8	static
../startup/startup_mcxa156.c:786:11:QDC0_COMPARE_IRQHandler	8	static
../startup/startup_mcxa156.c:790:11:QDC0_HOME_IRQHandler	8	static
../startup/startup_mcxa156.c:794:11:QDC0_WATCHDOG_IRQHandler	8	static
../startup/startup_mcxa156.c:798:11:QDC0_INDEX_IRQHandler	8	static
../startup/startup_mcxa156.c:802:11:FREQME0_IRQHandler	8	static
../startup/startup_mcxa156.c:806:11:LPTMR0_IRQHandler	8	static
../startup/startup_mcxa156.c:810:11:Reserved72_IRQHandler	8	static
../startup/startup_mcxa156.c:814:11:OS_EVENT_IRQHandler	8	static
../startup/startup_mcxa156.c:818:11:WAKETIMER0_IRQHandler	8	static
../startup/startup_mcxa156.c:822:11:UTICK0_IRQHandler	8	static
../startup/startup_mcxa156.c:826:11:WWDT0_IRQHandler	8	static
../startup/startup_mcxa156.c:830:11:Reserved77_IRQHandler	8	static
../startup/startup_mcxa156.c:834:11:ADC0_IRQHandler	8	static
../startup/startup_mcxa156.c:838:11:ADC1_IRQHandler	8	static
../startup/startup_mcxa156.c:842:11:CMP0_IRQHandler	8	static
../startup/startup_mcxa156.c:846:11:CMP1_IRQHandler	8	static
../startup/startup_mcxa156.c:850:11:Reserved82_IRQHandler	8	static
../startup/startup_mcxa156.c:854:11:DAC0_IRQHandler	8	static
../startup/startup_mcxa156.c:858:11:Reserved84_IRQHandler	8	static
../startup/startup_mcxa156.c:862:11:Reserved85_IRQHandler	8	static
../startup/startup_mcxa156.c:866:11:Reserved86_IRQHandler	8	static
../startup/startup_mcxa156.c:870:11:GPIO0_IRQHandler	8	static
../startup/startup_mcxa156.c:874:11:GPIO1_IRQHandler	8	static
../startup/startup_mcxa156.c:878:11:GPIO2_IRQHandler	8	static
../startup/startup_mcxa156.c:882:11:GPIO3_IRQHandler	8	static
../startup/startup_mcxa156.c:886:11:GPIO4_IRQHandler	8	static
../startup/startup_mcxa156.c:890:11:Reserved92_IRQHandler	8	static
../startup/startup_mcxa156.c:894:11:LPI2C2_IRQHandler	8	static
../startup/startup_mcxa156.c:898:11:LPI2C3_IRQHandler	8	static
../startup/startup_mcxa156.c:902:11:FLEXPWM1_RELOAD_ERROR_IRQHandler	8	static
../startup/startup_mcxa156.c:906:11:FLEXPWM1_FAULT_IRQHandler	8	static
../startup/startup_mcxa156.c:910:11:FLEXPWM1_SUBMODULE0_IRQHandler	8	static
../startup/startup_mcxa156.c:914:11:FLEXPWM1_SUBMODULE1_IRQHandler	8	static
../startup/startup_mcxa156.c:918:11:FLEXPWM1_SUBMODULE2_IRQHandler	8	static
../startup/startup_mcxa156.c:922:11:Reserved100_IRQHandler	8	static
../startup/startup_mcxa156.c:926:11:QDC1_COMPARE_IRQHandler	8	static
../startup/startup_mcxa156.c:930:11:QDC1_HOME_IRQHandler	8	static
../startup/startup_mcxa156.c:934:11:QDC1_WATCHDOG_IRQHandler	8	static
../startup/startup_mcxa156.c:938:11:QDC1_INDEX_IRQHandler	8	static
